Component: Arm Compiler for Embedded 6.18 Tool: armlink [5e4cc100]

==============================================================================

Section Cross References

    main.o(.text.modulo) refers to aeabi_sdivfast.o(.text) for __aeabi_idivmod
    main.o(.ARM.exidx.text.modulo) refers to main.o(.text.modulo) for [Anonymous Symbol]
    main.o(.text.task3Thread) refers to gpio.o(.text.greenLEDOnOff) for greenLEDOnOff
    main.o(.text.task3Thread) refers to gpio.o(.text.redLEDOnOff) for redLEDOnOff
    main.o(.text.task3Thread) refers to rtx_kernel.o(.text.osKernelGetTickCount) for osKernelGetTickCount
    main.o(.text.task3Thread) refers to rtx_msgqueue.o(.text.osMessageQueueGet) for osMessageQueueGet
    main.o(.text.task3Thread) refers to aeabi_sdivfast.o(.text) for __aeabi_idivmod
    main.o(.text.task3Thread) refers to main.o(.bss.init_tick) for init_tick
    main.o(.text.task3Thread) refers to main.o(.rodata.timings) for timings
    main.o(.text.task3Thread) refers to main.o(.bss.controlMsgQ) for controlMsgQ
    main.o(.text.task3Thread) refers to main.o(.bss.measured_tick) for measured_tick
    main.o(.ARM.exidx.text.task3Thread) refers to main.o(.text.task3Thread) for [Anonymous Symbol]
    main.o(.text.commandThread) refers to rtx_msgqueue.o(.text.osMessageQueuePut) for osMessageQueuePut
    main.o(.text.commandThread) refers to serialport.o(.text.sendMsg) for sendMsg
    main.o(.text.commandThread) refers to serialport.o(.text.readLine) for readLine
    main.o(.text.commandThread) refers to memcmp.o(.text) for memcmp
    main.o(.text.commandThread) refers to main.o(.data.prompt) for prompt
    main.o(.text.commandThread) refers to main.o(.bss.controlMsgQ) for controlMsgQ
    main.o(.ARM.exidx.text.commandThread) refers to main.o(.text.commandThread) for [Anonymous Symbol]
    main.o(.text.main) refers to system_mkl25z4.o(.text.SystemCoreClockUpdate) for SystemCoreClockUpdate
    main.o(.text.main) refers to gpio.o(.text.configureGPIOoutput) for configureGPIOoutput
    main.o(.text.main) refers to serialport.o(.text.init_UART0) for init_UART0
    main.o(.text.main) refers to rtx_kernel.o(.text.osKernelInitialize) for osKernelInitialize
    main.o(.text.main) refers to rtx_evflags.o(.text.osEventFlagsNew) for osEventFlagsNew
    main.o(.text.main) refers to rtx_msgqueue.o(.text.osMessageQueueNew) for osMessageQueueNew
    main.o(.text.main) refers to serialport.o(.text.initSerialPort) for initSerialPort
    main.o(.text.main) refers to rtx_thread.o(.text.osThreadNew) for osThreadNew
    main.o(.text.main) refers to rtx_kernel.o(.text.osKernelStart) for osKernelStart
    main.o(.text.main) refers to main.o(.bss.errorFlags) for errorFlags
    main.o(.text.main) refers to main.o(.bss.controlMsgQ) for controlMsgQ
    main.o(.text.main) refers to main.o(.text.task3Thread) for task3Thread
    main.o(.text.main) refers to main.o(.bss.task3_t) for task3_t
    main.o(.text.main) refers to main.o(.text.commandThread) for commandThread
    main.o(.text.main) refers to main.o(.bss.t_command) for t_command
    main.o(.ARM.exidx.text.main) refers to main.o(.text.main) for [Anonymous Symbol]
    gpio.o(.ARM.exidx.text.configureGPIOoutput) refers to gpio.o(.text.configureGPIOoutput) for [Anonymous Symbol]
    gpio.o(.ARM.exidx.text.redLEDOnOff) refers to gpio.o(.text.redLEDOnOff) for [Anonymous Symbol]
    gpio.o(.ARM.exidx.text.greenLEDOnOff) refers to gpio.o(.text.greenLEDOnOff) for [Anonymous Symbol]
    gpio.o(.ARM.exidx.text.blueLEDOnOff) refers to gpio.o(.text.blueLEDOnOff) for [Anonymous Symbol]
    serialport.o(.text.initSendMsg) refers to serialport.o(.bss.msgQueue) for msgQueue
    serialport.o(.ARM.exidx.text.initSendMsg) refers to serialport.o(.text.initSendMsg) for [Anonymous Symbol]
    serialport.o(.text.sendMsg) refers to serialport.o(.bss.msgQueue) for msgQueue
    serialport.o(.ARM.exidx.text.sendMsg) refers to serialport.o(.text.sendMsg) for [Anonymous Symbol]
    serialport.o(.text.removeMsg) refers to serialport.o(.bss.msgQueue) for msgQueue
    serialport.o(.ARM.exidx.text.removeMsg) refers to serialport.o(.text.removeMsg) for [Anonymous Symbol]
    serialport.o(.text.getNextChar) refers to serialport.o(.bss.msgQueue) for msgQueue
    serialport.o(.ARM.exidx.text.getNextChar) refers to serialport.o(.text.getNextChar) for [Anonymous Symbol]
    serialport.o(.text.initReadReq) refers to rtx_evflags.o(.text.osEventFlagsNew) for osEventFlagsNew
    serialport.o(.text.initReadReq) refers to serialport.o(.bss.readReq) for readReq
    serialport.o(.text.initReadReq) refers to serialport.o(.bss.readFlags) for readFlags
    serialport.o(.ARM.exidx.text.initReadReq) refers to serialport.o(.text.initReadReq) for [Anonymous Symbol]
    serialport.o(.text.readLine) refers to rtx_evflags.o(.text.osEventFlagsWait) for osEventFlagsWait
    serialport.o(.text.readLine) refers to serialport.o(.bss.readReq) for readReq
[...]
    I_T_RUN_OFS                              0x00000014   Number         0  irq_armv6m.o ABSOLUTE
    TCB_SP_OFS                               0x00000038   Number         0  irq_armv6m.o ABSOLUTE
    !!!main                                  0x000000c0   Section        8  __main.o(!!!main)
    !!!scatter                               0x000000c8   Section       60  __scatter.o(!!!scatter)
    !!handler_copy                           0x00000104   Section       26  __scatter_copy.o(!!handler_copy)
    !!handler_zi                             0x00000120   Section       28  __scatter_zi.o(!!handler_zi)
    .ARM.Collect$$libinit$$00000000          0x0000013c   Section        2  libinit.o(.ARM.Collect$$libinit$$00000000)
    .ARM.Collect$$libinit$$00000002          0x0000013e   Section        0  libinit2.o(.ARM.Collect$$libinit$$00000002)
    .ARM.Collect$$libinit$$00000004          0x0000013e   Section        0  libinit2.o(.ARM.Collect$$libinit$$00000004)
    .ARM.Collect$$libinit$$00000006          0x0000013e   Section        0  libinit2.o(.ARM.Collect$$libinit$$00000006)
    .ARM.Collect$$libinit$$0000000C          0x0000013e   Section        0  libinit2.o(.ARM.Collect$$libinit$$0000000C)
    .ARM.Collect$$libinit$$0000000E          0x0000013e   Section        0  libinit2.o(.ARM.Collect$$libinit$$0000000E)
    .ARM.Collect$$libinit$$00000010          0x0000013e   Section        0  libinit2.o(.ARM.Collect$$libinit$$00000010)
    .ARM.Collect$$libinit$$00000013          0x0000013e   Section        0  libinit2.o(.ARM.Collect$$libinit$$00000013)
    .ARM.Collect$$libinit$$00000015          0x0000013e   Section        0  libinit2.o(.ARM.Collect$$libinit$$00000015)
    .ARM.Collect$$libinit$$00000017          0x0000013e   Section        0  libinit2.o(.ARM.Collect$$libinit$$00000017)
    .ARM.Collect$$libinit$$00000019          0x0000013e   Section        0  libinit2.o(.ARM.Collect$$libinit$$00000019)
    .ARM.Collect$$libinit$$0000001B          0x0000013e   Section        0  libinit2.o(.ARM.Collect$$libinit$$0000001B)
    .ARM.Collect$$libinit$$0000001D          0x0000013e   Section        0  libinit2.o(.ARM.Collect$$libinit$$0000001D)
    .ARM.Collect$$libinit$$0000001F          0x0000013e   Section        0  libinit2.o(.ARM.Collect$$libinit$$0000001F)
    .ARM.Collect$$libinit$$00000021          0x0000013e   Section        0  libinit2.o(.ARM.Collect$$libinit$$00000021)
    .ARM.Collect$$libinit$$00000023          0x0000013e   Section        0  libinit2.o(.ARM.Collect$$libinit$$00000023)
    .ARM.Collect$$libinit$$00000025          0x0000013e   Section        0  libinit2.o(.ARM.Collect$$libinit$$00000025)
    .ARM.Collect$$libinit$$00000027          0x0000013e   Section        0  libinit2.o(.ARM.Collect$$libinit$$00000027)
    .ARM.Collect$$libinit$$0000002E          0x0000013e   Section        0  libinit2.o(.ARM.Collect$$libinit$$0000002E)
    .ARM.Collect$$libinit$$00000030          0x0000013e   Section        0  libinit2.o(.ARM.Collect$$libinit$$00000030)
    .ARM.Collect$$libinit$$00000032          0x0000013e   Section        0  libinit2.o(.ARM.Collect$$libinit$$00000032)
    .ARM.Collect$$libinit$$00000034          0x0000013e   Section        0  libinit2.o(.ARM.Collect$$libinit$$00000034)
    .ARM.Collect$$libinit$$00000035          0x0000013e   Section        2  libinit2.o(.ARM.Collect$$libinit$$00000035)
    .ARM.Collect$$libshutdown$$00000000      0x00000140   Section        2  libshutdown.o(.ARM.Collect$$libshutdown$$00000000)
    .ARM.Collect$$libshutdown$$00000002      0x00000142   Section        0  libshutdown2.o(.ARM.Collect$$libshutdown$$00000002)
    .ARM.Collect$$libshutdown$$00000004      0x00000142   Section        0  libshutdown2.o(.ARM.Collect$$libshutdown$$00000004)
    .ARM.Collect$$libshutdown$$00000007      0x00000142   Section        0  libshutdown2.o(.ARM.Collect$$libshutdown$$00000007)
    .ARM.Collect$$libshutdown$$0000000A      0x00000142   Section        0  libshutdown2.o(.ARM.Collect$$libshutdown$$0000000A)
    .ARM.Collect$$libshutdown$$0000000C      0x00000142   Section        0  libshutdown2.o(.ARM.Collect$$libshutdown$$0000000C)
    .ARM.Collect$$libshutdown$$0000000F      0x00000142   Section        0  libshutdown2.o(.ARM.Collect$$libshutdown$$0000000F)
    .ARM.Collect$$libshutdown$$00000010      0x00000142   Section        2  libshutdown2.o(.ARM.Collect$$libshutdown$$00000010)
    .ARM.Collect$$rtentry$$00000000          0x00000144   Section        0  __rtentry.o(.ARM.Collect$$rtentry$$00000000)
    .ARM.Collect$$rtentry$$00000002          0x00000144   Section        0  __rtentry2.o(.ARM.Collect$$rtentry$$00000002)
    .ARM.Collect$$rtentry$$00000004          0x00000144   Section        6  __rtentry4.o(.ARM.Collect$$rtentry$$00000004)
    .ARM.Collect$$rtentry$$00000008          0x0000014a   Section        8  __rtentry2.o(.ARM.Collect$$rtentry$$00000008)
    .ARM.Collect$$rtentry$$0000000A          0x00000152   Section        4  __rtentry2.o(.ARM.Collect$$rtentry$$0000000A)
    .ARM.Collect$$rtentry$$0000000C          0x00000156   Section        0  __rtentry2.o(.ARM.Collect$$rtentry$$0000000C)
    .ARM.Collect$$rtentry$$0000000D          0x00000156   Section        8  __rtentry2.o(.ARM.Collect$$rtentry$$0000000D)
    .ARM.Collect$$rtexit$$00000000           0x0000015e   Section        2  rtexit.o(.ARM.Collect$$rtexit$$00000000)
    .ARM.Collect$$rtexit$$00000002           0x00000160   Section        0  rtexit2.o(.ARM.Collect$$rtexit$$00000002)
    .ARM.Collect$$rtexit$$00000003           0x00000160   Section        4  rtexit2.o(.ARM.Collect$$rtexit$$00000003)
    .ARM.Collect$$rtexit$$00000004           0x00000164   Section        6  rtexit2.o(.ARM.Collect$$rtexit$$00000004)
    .emb_text                                0x0000016c   Section       56  rt_memcpy.o(.emb_text)
    .text                                    0x000001a4   Section       64  startup_mkl25z4.o(.text)
    [Anonymous Symbol]                       0x000001e4   Section        0  irq_armv6m.o(.text)
    SVC_Number                               0x000001ee   Number         0  irq_armv6m.o(.text)
    SVC_Context                              0x00000204   Number         0  irq_armv6m.o(.text)
    SVC_ContextSave                          0x00000214   Number         0  irq_armv6m.o(.text)
    SVC_ContextRestore                       0x00000228   Number         0  irq_armv6m.o(.text)
    SVC_MSP                                  0x00000244   Number         0  irq_armv6m.o(.text)
    SVC_Exit                                 0x0000024a   Number         0  irq_armv6m.o(.text)
    SVC_User                                 0x0000024c   Number         0  irq_armv6m.o(.text)
    .text                                    0x00000288   Section        0  memcmp.o(.text)
    .text                                    0x000002e2   Section        0  rt_memcpy.o(.text)
    .text                                    0x00000364   Section        0  rt_memclr.o(.text)
    .text                                    0x000003a4   Section        0  heapauxi.o(.text)
    .text                                    0x000003aa   Section       62  sys_stackheap_outer.o(.text)
    .text                                    0x000003e8   Section        0  exit.o(.text)
    .text                                    0x000003f8   Section        8  libspace.o(.text)
    .ARM.__at_0x400                          0x00000400   Section       16  startup_mkl25z4.o(.ARM.__at_0x400)
    .text                                    0x00000410   Section      504  aeabi_sdivfast.o(.text)
    .text                                    0x00000608   Section        0  sys_exit.o(.text)
    .text                                    0x00000614   Section        2  use_no_semi.o(.text)
    EventFlagsCheck                          0x00000617   Thumb Code    74  rtx_evflags.o(.text.EventFlagsCheck)
    [Anonymous Symbol]                       0x00000616   Section        0  rtx_evflags.o(.text.EventFlagsCheck)
    .text                                    0x00000616   Section        0  indicate_semi.o(.text)
    MessageQueueGet                          0x00000661   Thumb Code    66  rtx_msgqueue.o(.text.MessageQueueGet)
    [Anonymous Symbol]                       0x00000660   Section        0  rtx_msgqueue.o(.text.MessageQueueGet)
    MessageQueuePut                          0x000006a3   Thumb Code    94  rtx_msgqueue.o(.text.MessageQueuePut)
    [Anonymous Symbol]                       0x000006a2   Section        0  rtx_msgqueue.o(.text.MessageQueuePut)
    MessageQueueRemove                       0x00000701   Thumb Code    30  rtx_msgqueue.o(.text.MessageQueueRemove)
    [Anonymous Symbol]                       0x00000700   Section        0  rtx_msgqueue.o(.text.MessageQueueRemove)
    [Anonymous Symbol]                       0x00000720   Section        0  os_systick.o(.text.OS_Tick_AcknowledgeIRQ)
    [Anonymous Symbol]                       0x00000728   Section        0  os_systick.o(.text.OS_Tick_Enable)
    __arm_cp.1_1                             0x00000748   Number         4  os_systick.o(.text.OS_Tick_Enable)
    [Anonymous Symbol]                       0x0000074c   Section        0  os_systick.o(.text.OS_Tick_GetIRQn)
    [Anonymous Symbol]                       0x00000754   Section        0  os_systick.o(.text.OS_Tick_Setup)
    __arm_cp.0_1                             0x00000790   Number         4  os_systick.o(.text.OS_Tick_Setup)
    __arm_cp.0_2                             0x00000794   Number         4  os_systick.o(.text.OS_Tick_Setup)
    __arm_cp.0_3                             0x00000798   Number         4  os_systick.o(.text.OS_Tick_Setup)
    [Anonymous Symbol]                       0x0000079c   Section        0  system_mkl25z4.o(.text.SystemCoreClockUpdate)
    __arm_cp.1_0                             0x0000088c   Number         4  system_mkl25z4.o(.text.SystemCoreClockUpdate)
    __arm_cp.1_1                             0x00000890   Number         4  system_mkl25z4.o(.text.SystemCoreClockUpdate)
    __arm_cp.1_2                             0x00000894   Number         4  system_mkl25z4.o(.text.SystemCoreClockUpdate)
    __arm_cp.1_3                             0x00000898   Number         4  system_mkl25z4.o(.text.SystemCoreClockUpdate)
    __arm_cp.1_4                             0x0000089c   Number         4  system_mkl25z4.o(.text.SystemCoreClockUpdate)
    __arm_cp.1_5                             0x000008a0   Number         4  system_mkl25z4.o(.text.SystemCoreClockUpdate)
    __arm_cp.1_6                             0x000008a4   Number         4  system_mkl25z4.o(.text.SystemCoreClockUpdate)
    [Anonymous Symbol]                       0x000008a8   Section        0  system_mkl25z4.o(.text.SystemInit)
    __arm_cp.0_0                             0x000008b0   Number         4  system_mkl25z4.o(.text.SystemInit)
    ThreadFlagsCheck                         0x000008b5   Thumb Code    74  rtx_thread.o(.text.ThreadFlagsCheck)
    [Anonymous Symbol]                       0x000008b4   Section        0  rtx_thread.o(.text.ThreadFlagsCheck)
    TimerInsert                              0x00000901   Thumb Code    72  rtx_timer.o(.text.TimerInsert)
    [Anonymous Symbol]                       0x00000900   Section        0  rtx_timer.o(.text.TimerInsert)
    __arm_cp.9_0                             0x00000948   Number         4  rtx_timer.o(.text.TimerInsert)
    [Anonymous Symbol]                       0x0000094c   Section        0  serialport.o(.text.UART0_IRQHandler)
    __arm_cp.9_0                             0x00000a74   Number         4  serialport.o(.text.UART0_IRQHandler)
    __tagsym$$used.1                         0x00000a78   Number         0  rtx_lib.o(.text._mutex_acquire)
    [Anonymous Symbol]                       0x00000a78   Section        0  rtx_lib.o(.text._mutex_acquire)
    __tagsym$$used.3                         0x00000aa4   Number         0  rtx_lib.o(.text._mutex_free)
    [Anonymous Symbol]                       0x00000aa4   Section        0  rtx_lib.o(.text._mutex_free)
    __tagsym$$used.0                         0x00000aae   Number         0  rtx_lib.o(.text._mutex_initialize)
    [Anonymous Symbol]                       0x00000aae   Section        0  rtx_lib.o(.text._mutex_initialize)
    __tagsym$$used.2                         0x00000ad0   Number         0  rtx_lib.o(.text._mutex_release)
    [Anonymous Symbol]                       0x00000ad0   Section        0  rtx_lib.o(.text._mutex_release)
    __arm_cp.4_0                             0x00000af8   Number         4  rtx_lib.o(.text._mutex_release)
    [Anonymous Symbol]                       0x00000afc   Section        0  rtx_lib.o(.text._platform_post_stackheap_init)
    [Anonymous Symbol]                       0x00000b04   Section        0  main.o(.text.commandThread)
    __arm_cp.2_0                             0x00000b60   Number         4  main.o(.text.commandThread)
    [Anonymous Symbol]                       0x00000b84   Section        0  gpio.o(.text.configureGPIOoutput)
    __arm_cp.0_0                             0x00000be0   Number         4  gpio.o(.text.configureGPIOoutput)
    __arm_cp.0_1                             0x00000be4   Number         4  gpio.o(.text.configureGPIOoutput)
    __arm_cp.0_2                             0x00000be8   Number         4  gpio.o(.text.configureGPIOoutput)
    __arm_cp.0_3                             0x00000bec   Number         4  gpio.o(.text.configureGPIOoutput)
    __arm_cp.0_4                             0x00000bf0   Number         4  gpio.o(.text.configureGPIOoutput)
    __arm_cp.0_5                             0x00000bf4   Number         4  gpio.o(.text.configureGPIOoutput)
    [Anonymous Symbol]                       0x00000bf8   Section        0  gpio.o(.text.greenLEDOnOff)
    __arm_cp.2_0                             0x00000c0c   Number         4  gpio.o(.text.greenLEDOnOff)
    [Anonymous Symbol]                       0x00000c10   Section        0  serialport.o(.text.initSerialPort)
    __arm_cp.8_0                             0x00000c2c   Number         4  serialport.o(.text.initSerialPort)
    __arm_cp.8_1                             0x00000c30   Number         4  serialport.o(.text.initSerialPort)
    __arm_cp.8_2                             0x00000c34   Number         4  serialport.o(.text.initSerialPort)
    [Anonymous Symbol]                       0x00000c38   Section        0  serialport.o(.text.init_UART0)
    __arm_cp.7_0                             0x00000cc0   Number         4  serialport.o(.text.init_UART0)
    __arm_cp.7_1                             0x00000cc4   Number         4  serialport.o(.text.init_UART0)
    __arm_cp.7_2                             0x00000cc8   Number         4  serialport.o(.text.init_UART0)
    __arm_cp.7_3                             0x00000ccc   Number         4  serialport.o(.text.init_UART0)
    __arm_cp.7_4                             0x00000cd0   Number         4  serialport.o(.text.init_UART0)
    __arm_cp.7_5                             0x00000cd4   Number         4  serialport.o(.text.init_UART0)
    __arm_cp.7_6                             0x00000cd8   Number         4  serialport.o(.text.init_UART0)
    [Anonymous Symbol]                       0x00000cdc   Section        0  main.o(.text.main)
    __arm_cp.3_0                             0x00000d30   Number         4  main.o(.text.main)
    __arm_cp.3_1                             0x00000d34   Number         4  main.o(.text.main)
    __arm_cp.3_2                             0x00000d38   Number         4  main.o(.text.main)
    __arm_cp.3_3                             0x00000d3c   Number         4  main.o(.text.main)
    __arm_cp.3_4                             0x00000d40   Number         4  main.o(.text.main)
    __arm_cp.3_5                             0x00000d44   Number         4  main.o(.text.main)
    [Anonymous Symbol]                       0x00000d48   Section        0  rtx_evflags.o(.text.osEventFlagsNew)
    __arm_cp.0_0                             0x00000d68   Number         4  rtx_evflags.o(.text.osEventFlagsNew)
    [Anonymous Symbol]                       0x00000d6c   Section        0  rtx_evflags.o(.text.osEventFlagsSet)
    __arm_cp.2_0                             0x00000db4   Number         4  rtx_evflags.o(.text.osEventFlagsSet)
    [Anonymous Symbol]                       0x00000db8   Section        0  rtx_evflags.o(.text.osEventFlagsWait)
    __arm_cp.7_0                             0x00000df8   Number         4  rtx_evflags.o(.text.osEventFlagsWait)
    [Anonymous Symbol]                       0x00000dfc   Section        0  rtx_kernel.o(.text.osKernelGetState)
    __arm_cp.5_0                             0x00000e24   Number         4  rtx_kernel.o(.text.osKernelGetState)
    [Anonymous Symbol]                       0x00000e28   Section        0  rtx_kernel.o(.text.osKernelGetTickCount)
    __arm_cp.13_0                            0x00000e48   Number         4  rtx_kernel.o(.text.osKernelGetTickCount)
    __arm_cp.13_1                            0x00000e4c   Number         4  rtx_kernel.o(.text.osKernelGetTickCount)
    [Anonymous Symbol]                       0x00000e50   Section        0  rtx_kernel.o(.text.osKernelInitialize)
    __arm_cp.2_0                             0x00000e74   Number         4  rtx_kernel.o(.text.osKernelInitialize)
    [Anonymous Symbol]                       0x00000e78   Section        0  rtx_kernel.o(.text.osKernelStart)
    __arm_cp.7_0                             0x00000e98   Number         4  rtx_kernel.o(.text.osKernelStart)
    [Anonymous Symbol]                       0x00000e9c   Section        0  rtx_msgqueue.o(.text.osMessageQueueGet)
    __arm_cp.5_0                             0x00000f0c   Number         4  rtx_msgqueue.o(.text.osMessageQueueGet)
    [Anonymous Symbol]                       0x00000f10   Section        0  rtx_msgqueue.o(.text.osMessageQueueNew)
    __arm_cp.2_0                             0x00000f30   Number         4  rtx_msgqueue.o(.text.osMessageQueueNew)
    [Anonymous Symbol]                       0x00000f34   Section        0  rtx_msgqueue.o(.text.osMessageQueuePut)
    __arm_cp.4_0                             0x00000fa4   Number         4  rtx_msgqueue.o(.text.osMessageQueuePut)
    [Anonymous Symbol]                       0x00000fa8   Section        0  rtx_mutex.o(.text.osMutexAcquire)
    __arm_cp.4_0                             0x00000fcc   Number         4  rtx_mutex.o(.text.osMutexAcquire)
    [Anonymous Symbol]                       0x00000fd0   Section        0  rtx_mutex.o(.text.osMutexDelete)
    __arm_cp.7_0                             0x00000ff4   Number         4  rtx_mutex.o(.text.osMutexDelete)
    [Anonymous Symbol]                       0x00000ff8   Section        0  rtx_mutex.o(.text.osMutexNew)
    __arm_cp.2_0                             0x00001018   Number         4  rtx_mutex.o(.text.osMutexNew)
    [Anonymous Symbol]                       0x0000101c   Section        0  rtx_mutex.o(.text.osMutexRelease)
    __arm_cp.5_0                             0x00001040   Number         4  rtx_mutex.o(.text.osMutexRelease)
    [Anonymous Symbol]                       0x00001044   Section        0  rtx_config.o(.text.osRtxErrorNotify)
    osRtxEventFlagsPostProcess               0x00001047   Thumb Code    52  rtx_evflags.o(.text.osRtxEventFlagsPostProcess)
    [Anonymous Symbol]                       0x00001046   Section        0  rtx_evflags.o(.text.osRtxEventFlagsPostProcess)
    [Anonymous Symbol]                       0x0000107a   Section        0  rtx_config.o(.text.osRtxIdleThread)
    [Anonymous Symbol]                       0x0000107c   Section        0  rtx_kernel.o(.text.osRtxKernelErrorNotify)
    [Anonymous Symbol]                       0x00001084   Section        0  rtx_kernel.o(.text.osRtxKernelPreInit)
    [Anonymous Symbol]                       0x00001086   Section        0  rtx_memory.o(.text.osRtxMemoryAlloc)
    [Anonymous Symbol]                       0x000010fe   Section        0  rtx_memory.o(.text.osRtxMemoryFree)
    [Anonymous Symbol]                       0x0000114c   Section        0  rtx_memory.o(.text.osRtxMemoryInit)
    [Anonymous Symbol]                       0x0000117a   Section        0  rtx_mempool.o(.text.osRtxMemoryPoolAlloc)
    [Anonymous Symbol]                       0x000011a4   Section        0  rtx_mempool.o(.text.osRtxMemoryPoolFree)
    [Anonymous Symbol]                       0x000011da   Section        0  rtx_mempool.o(.text.osRtxMemoryPoolInit)
    osRtxMessageQueuePostProcess             0x00001217   Thumb Code   188  rtx_msgqueue.o(.text.osRtxMessageQueuePostProcess)
    [Anonymous Symbol]                       0x00001216   Section        0  rtx_msgqueue.o(.text.osRtxMessageQueuePostProcess)
    [Anonymous Symbol]                       0x000012d4   Section        0  rtx_msgqueue.o(.text.osRtxMessageQueueTimerSetup)
    __arm_cp.0_0                             0x000012f4   Number         4  rtx_msgqueue.o(.text.osRtxMessageQueueTimerSetup)
    [Anonymous Symbol]                       0x000012f8   Section        0  rtx_mutex.o(.text.osRtxMutexOwnerRelease)
    [Anonymous Symbol]                       0x0000133c   Section        0  rtx_mutex.o(.text.osRtxMutexOwnerRestore)
    [Anonymous Symbol]                       0x00001384   Section        0  rtx_system.o(.text.osRtxPendSV_Handler)
    [Anonymous Symbol]                       0x00001404   Section        0  rtx_system.o(.text.osRtxPostProcess)
    __arm_cp.2_1                             0x0000146c   Number         4  rtx_system.o(.text.osRtxPostProcess)
    osRtxThreadBlock                         0x00001471   Thumb Code    52  rtx_thread.o(.text.osRtxThreadBlock)
    [Anonymous Symbol]                       0x00001470   Section        0  rtx_thread.o(.text.osRtxThreadBlock)
    osRtxThreadDelayInsert                   0x000014a5   Thumb Code   140  rtx_thread.o(.text.osRtxThreadDelayInsert)
    [Anonymous Symbol]                       0x000014a4   Section        0  rtx_thread.o(.text.osRtxThreadDelayInsert)
    osRtxThreadDelayRemove                   0x00001531   Thumb Code    68  rtx_thread.o(.text.osRtxThreadDelayRemove)
    [Anonymous Symbol]                       0x00001530   Section        0  rtx_thread.o(.text.osRtxThreadDelayRemove)
    [Anonymous Symbol]                       0x00001574   Section        0  rtx_thread.o(.text.osRtxThreadDelayTick)
    osRtxThreadDestroy                       0x000015c9   Thumb Code    40  rtx_thread.o(.text.osRtxThreadDestroy)
    [Anonymous Symbol]                       0x000015c8   Section        0  rtx_thread.o(.text.osRtxThreadDestroy)
    [Anonymous Symbol]                       0x000015f0   Section        0  rtx_thread.o(.text.osRtxThreadDispatch)
    osRtxThreadFree                          0x0000163d   Thumb Code    80  rtx_thread.o(.text.osRtxThreadFree)
    [Anonymous Symbol]                       0x0000163c   Section        0  rtx_thread.o(.text.osRtxThreadFree)
    __arm_cp.51_0                            0x0000168c   Number         4  rtx_thread.o(.text.osRtxThreadFree)
    osRtxThreadJoinWakeup                    0x00001691   Thumb Code    32  rtx_thread.o(.text.osRtxThreadJoinWakeup)
    [Anonymous Symbol]                       0x00001690   Section        0  rtx_thread.o(.text.osRtxThreadJoinWakeup)
    [Anonymous Symbol]                       0x000016b0   Section        0  rtx_thread.o(.text.osRtxThreadListGet)
    [Anonymous Symbol]                       0x000016c4   Section        0  rtx_thread.o(.text.osRtxThreadListPut)
    [Anonymous Symbol]                       0x000016f0   Section        0  rtx_thread.o(.text.osRtxThreadListRemove)
    [Anonymous Symbol]                       0x00001708   Section        0  rtx_thread.o(.text.osRtxThreadListSort)
    osRtxThreadPostProcess                   0x0000172d   Thumb Code    38  rtx_thread.o(.text.osRtxThreadPostProcess)
    [Anonymous Symbol]                       0x0000172c   Section        0  rtx_thread.o(.text.osRtxThreadPostProcess)
    [Anonymous Symbol]                       0x00001754   Section        0  rtx_thread.o(.text.osRtxThreadReadyPut)
    [Anonymous Symbol]                       0x00001768   Section        0  rtx_thread.o(.text.osRtxThreadRegPtr)
    [Anonymous Symbol]                       0x00001770   Section        0  rtx_thread.o(.text.osRtxThreadStartup)
    __arm_cp.14_0                            0x000017a8   Number         4  rtx_thread.o(.text.osRtxThreadStartup)
    __arm_cp.14_1                            0x000017ac   Number         4  rtx_thread.o(.text.osRtxThreadStartup)
    [Anonymous Symbol]                       0x000017b0   Section        0  rtx_thread.o(.text.osRtxThreadSwitch)
    __arm_cp.7_0                             0x000017bc   Number         4  rtx_thread.o(.text.osRtxThreadSwitch)
    [Anonymous Symbol]                       0x000017c0   Section        0  rtx_thread.o(.text.osRtxThreadWaitEnter)
    __arm_cp.12_0                            0x000017fc   Number         4  rtx_thread.o(.text.osRtxThreadWaitEnter)
    [Anonymous Symbol]                       0x00001800   Section        0  rtx_thread.o(.text.osRtxThreadWaitExit)
    [Anonymous Symbol]                       0x00001824   Section        0  rtx_system.o(.text.osRtxTick_Handler)
    __arm_cp.0_0                             0x000018a0   Number         4  rtx_system.o(.text.osRtxTick_Handler)
    [Anonymous Symbol]                       0x000018a4   Section        0  rtx_timer.o(.text.osRtxTimerSetup)
    __arm_cp.0_0                             0x000018c0   Number         4  rtx_timer.o(.text.osRtxTimerSetup)
    __arm_cp.0_1                             0x000018c4   Number         4  rtx_timer.o(.text.osRtxTimerSetup)
    [Anonymous Symbol]                       0x000018c8   Section        0  rtx_timer.o(.text.osRtxTimerThread)
    osRtxTimerTick                           0x000018e5   Thumb Code   112  rtx_timer.o(.text.osRtxTimerTick)
    [Anonymous Symbol]                       0x000018e4   Section        0  rtx_timer.o(.text.osRtxTimerTick)
    __arm_cp.1_0                             0x00001954   Number         4  rtx_timer.o(.text.osRtxTimerTick)
    [Anonymous Symbol]                       0x00001958   Section        0  rtx_thread.o(.text.osThreadExit)
    __arm_cp.30_0                            0x00001960   Number         4  rtx_thread.o(.text.osThreadExit)
    [Anonymous Symbol]                       0x00001964   Section        0  rtx_thread.o(.text.osThreadNew)
    __arm_cp.16_0                            0x00001984   Number         4  rtx_thread.o(.text.osThreadNew)
    [Anonymous Symbol]                       0x00001988   Section        0  serialport.o(.text.readLine)
    __arm_cp.5_0                             0x000019bc   Number         4  serialport.o(.text.readLine)
    __arm_cp.5_1                             0x000019c0   Number         4  serialport.o(.text.readLine)
    [Anonymous Symbol]                       0x000019c4   Section        0  gpio.o(.text.redLEDOnOff)
    __arm_cp.1_0                             0x000019d8   Number         4  gpio.o(.text.redLEDOnOff)
    [Anonymous Symbol]                       0x000019dc   Section        0  serialport.o(.text.sendMsg)
    __arm_cp.1_0                             0x00001a28   Number         4  serialport.o(.text.sendMsg)
    __arm_cp.1_1                             0x00001a2c   Number         4  serialport.o(.text.sendMsg)
    svcRtxEventFlagsNew                      0x00001a31   Thumb Code   108  rtx_evflags.o(.text.svcRtxEventFlagsNew)
    [Anonymous Symbol]                       0x00001a30   Section        0  rtx_evflags.o(.text.svcRtxEventFlagsNew)
    __arm_cp.9_0                             0x00001a9c   Number         4  rtx_evflags.o(.text.svcRtxEventFlagsNew)
    __arm_cp.9_1                             0x00001aa0   Number         4  rtx_evflags.o(.text.svcRtxEventFlagsNew)
    svcRtxEventFlagsSet                      0x00001aa5   Thumb Code   118  rtx_evflags.o(.text.svcRtxEventFlagsSet)
    [Anonymous Symbol]                       0x00001aa4   Section        0  rtx_evflags.o(.text.svcRtxEventFlagsSet)
    svcRtxEventFlagsWait                     0x00001b1d   Thumb Code    92  rtx_evflags.o(.text.svcRtxEventFlagsWait)
    [Anonymous Symbol]                       0x00001b1c   Section        0  rtx_evflags.o(.text.svcRtxEventFlagsWait)
    __arm_cp.14_0                            0x00001b78   Number         4  rtx_evflags.o(.text.svcRtxEventFlagsWait)
    svcRtxKernelGetState                     0x00001b7d   Thumb Code     8  rtx_kernel.o(.text.svcRtxKernelGetState)
    [Anonymous Symbol]                       0x00001b7c   Section        0  rtx_kernel.o(.text.svcRtxKernelGetState)
    svcRtxKernelGetTickCount                 0x00001b85   Thumb Code     8  rtx_kernel.o(.text.svcRtxKernelGetTickCount)
    [Anonymous Symbol]                       0x00001b84   Section        0  rtx_kernel.o(.text.svcRtxKernelGetTickCount)
    __arm_cp.14_0                            0x00001b8c   Number         4  rtx_kernel.o(.text.svcRtxKernelGetTickCount)
    svcRtxKernelInitialize                   0x00001b91   Thumb Code   308  rtx_kernel.o(.text.svcRtxKernelInitialize)
    [Anonymous Symbol]                       0x00001b90   Section        0  rtx_kernel.o(.text.svcRtxKernelInitialize)
    __arm_cp.21_0                            0x00001cc4   Number         4  rtx_kernel.o(.text.svcRtxKernelInitialize)
    __arm_cp.21_2                            0x00001cc8   Number         4  rtx_kernel.o(.text.svcRtxKernelInitialize)
    svcRtxKernelStart                        0x00001ccd   Thumb Code   116  rtx_kernel.o(.text.svcRtxKernelStart)
    [Anonymous Symbol]                       0x00001ccc   Section        0  rtx_kernel.o(.text.svcRtxKernelStart)
    __arm_cp.22_1                            0x00001d40   Number         4  rtx_kernel.o(.text.svcRtxKernelStart)
    __arm_cp.22_2                            0x00001d44   Number         4  rtx_kernel.o(.text.svcRtxKernelStart)
    __arm_cp.22_3                            0x00001d48   Number         4  rtx_kernel.o(.text.svcRtxKernelStart)
    svcRtxMessageQueueGet                    0x00001d4d   Thumb Code   200  rtx_msgqueue.o(.text.svcRtxMessageQueueGet)
    [Anonymous Symbol]                       0x00001d4c   Section        0  rtx_msgqueue.o(.text.svcRtxMessageQueueGet)
    __arm_cp.22_0                            0x00001e14   Number         4  rtx_msgqueue.o(.text.svcRtxMessageQueueGet)
    svcRtxMessageQueueNew                    0x00001e19   Thumb Code   428  rtx_msgqueue.o(.text.svcRtxMessageQueueNew)
    [Anonymous Symbol]                       0x00001e18   Section        0  rtx_msgqueue.o(.text.svcRtxMessageQueueNew)
    __arm_cp.1_0                             0x00001fc4   Number         4  rtx_msgqueue.o(.text.svcRtxMessageQueueNew)
    __arm_cp.1_1                             0x00001fc8   Number         4  rtx_msgqueue.o(.text.svcRtxMessageQueueNew)
    __arm_cp.1_2                             0x00001fcc   Number         4  rtx_msgqueue.o(.text.svcRtxMessageQueueNew)
    __arm_cp.1_3                             0x00001fd0   Number         4  rtx_msgqueue.o(.text.svcRtxMessageQueueNew)
    __arm_cp.1_5                             0x00001fd4   Number         4  rtx_msgqueue.o(.text.svcRtxMessageQueueNew)
    svcRtxMessageQueuePut                    0x00001fd9   Thumb Code   172  rtx_msgqueue.o(.text.svcRtxMessageQueuePut)
    [Anonymous Symbol]                       0x00001fd8   Section        0  rtx_msgqueue.o(.text.svcRtxMessageQueuePut)
    __arm_cp.20_0                            0x00002084   Number         4  rtx_msgqueue.o(.text.svcRtxMessageQueuePut)
    svcRtxMutexAcquire                       0x00002089   Thumb Code   148  rtx_mutex.o(.text.svcRtxMutexAcquire)
    [Anonymous Symbol]                       0x00002088   Section        0  rtx_mutex.o(.text.svcRtxMutexAcquire)
    svcRtxMutexDelete                        0x0000211d   Thumb Code   176  rtx_mutex.o(.text.svcRtxMutexDelete)
    [Anonymous Symbol]                       0x0000211c   Section        0  rtx_mutex.o(.text.svcRtxMutexDelete)
    __arm_cp.13_0                            0x000021cc   Number         4  rtx_mutex.o(.text.svcRtxMutexDelete)
    svcRtxMutexNew                           0x000021d1   Thumb Code   108  rtx_mutex.o(.text.svcRtxMutexNew)
    [Anonymous Symbol]                       0x000021d0   Section        0  rtx_mutex.o(.text.svcRtxMutexNew)
    __arm_cp.8_0                             0x0000223c   Number         4  rtx_mutex.o(.text.svcRtxMutexNew)
    svcRtxMutexRelease                       0x00002241   Thumb Code   184  rtx_mutex.o(.text.svcRtxMutexRelease)
    [Anonymous Symbol]                       0x00002240   Section        0  rtx_mutex.o(.text.svcRtxMutexRelease)
    __arm_cp.11_0                            0x000022f8   Number         4  rtx_mutex.o(.text.svcRtxMutexRelease)
    svcRtxThreadExit                         0x000022fd   Thumb Code    72  rtx_thread.o(.text.svcRtxThreadExit)
    [Anonymous Symbol]                       0x000022fc   Section        0  rtx_thread.o(.text.svcRtxThreadExit)
    __arm_cp.53_0                            0x00002344   Number         4  rtx_thread.o(.text.svcRtxThreadExit)
    svcRtxThreadNew                          0x00002349   Thumb Code   484  rtx_thread.o(.text.svcRtxThreadNew)
    [Anonymous Symbol]                       0x00002348   Section        0  rtx_thread.o(.text.svcRtxThreadNew)
    __arm_cp.15_0                            0x0000252c   Number         4  rtx_thread.o(.text.svcRtxThreadNew)
    __arm_cp.15_1                            0x00002530   Number         4  rtx_thread.o(.text.svcRtxThreadNew)
    __arm_cp.15_2                            0x00002534   Number         4  rtx_thread.o(.text.svcRtxThreadNew)
    __arm_cp.15_3                            0x00002538   Number         4  rtx_thread.o(.text.svcRtxThreadNew)
    __arm_cp.15_4                            0x0000253c   Number         4  rtx_thread.o(.text.svcRtxThreadNew)
    __arm_cp.15_5                            0x00002540   Number         4  rtx_thread.o(.text.svcRtxThreadNew)
    [Anonymous Symbol]                       0x00002544   Section        0  main.o(.text.task3Thread)
    __arm_cp.1_0                             0x000026a0   Number         4  main.o(.text.task3Thread)
    __arm_cp.1_1                             0x000026a4   Number         4  main.o(.text.task3Thread)
    __arm_cp.1_2                             0x000026a8   Number         4  main.o(.text.task3Thread)
    __arm_cp.1_3                             0x000026ac   Number         4  main.o(.text.task3Thread)
    .text_divfast                            0x000026b0   Section      502  aeabi_sdivfast.o(.text_divfast)
    __tagsym$$used.4                         0x000028a8   Number         0  rtx_lib.o(.rodata)
    __tagsym$$used.5                         0x00002918   Number         0  rtx_lib.o(.rodata)
    os_idle_thread_attr                      0x00002954   Data          36  rtx_lib.o(.rodata.os_idle_thread_attr)
    [Anonymous Symbol]                       0x00002954   Section        0  rtx_lib.o(.rodata.os_idle_thread_attr)
    os_timer_mq_attr                         0x00002978   Data          24  rtx_lib.o(.rodata.os_timer_mq_attr)
    [Anonymous Symbol]                       0x00002978   Section        0  rtx_lib.o(.rodata.os_timer_mq_attr)
    os_timer_thread_attr                     0x00002990   Data          36  rtx_lib.o(.rodata.os_timer_thread_attr)
    [Anonymous Symbol]                       0x00002990   Section        0  rtx_lib.o(.rodata.os_timer_thread_attr)
    [Anonymous Symbol]                       0x000029b4   Section        0  rtx_kernel.o(.rodata.str1.4)
    .bss                                     0x1ffff0c8   Section       96  libspace.o(.bss)
    os_isr_queue                             0x1ffff168   Data          64  rtx_lib.o(.bss.os)
    [Anonymous Symbol]                       0x1ffff168   Section        0  rtx_lib.o(.bss.os)
    os_mem                                   0x1ffff1a8   Data        4096  rtx_lib.o(.bss.os)
    PendST                                   0x200001a8   Data           1  os_systick.o(.bss.os)
    [Anonymous Symbol]                       0x200001a8   Section        0  os_systick.o(.bss.os)
    os_timer_mq_cb                           0x200001ac   Data          52  rtx_lib.o(.bss.os.msgqueue.cb)
    [Anonymous Symbol]                       0x200001ac   Section        0  rtx_lib.o(.bss.os.msgqueue.cb)
    os_timer_mq_data                         0x200001e0   Data          80  rtx_lib.o(.bss.os.msgqueue.mem)
    [Anonymous Symbol]                       0x200001e0   Section        0  rtx_lib.o(.bss.os.msgqueue.mem)
    os_idle_thread_cb                        0x20000230   Data          68  rtx_lib.o(.bss.os.thread.cb)
    [Anonymous Symbol]                       0x20000230   Section        0  rtx_lib.o(.bss.os.thread.cb)
    os_timer_thread_cb                       0x20000274   Data          68  rtx_lib.o(.bss.os.thread.cb)
    os_idle_thread_stack                     0x200002b8   Data         256  rtx_lib.o(.bss.os.thread.idle.stack)
    [Anonymous Symbol]                       0x200002b8   Section        0  rtx_lib.o(.bss.os.thread.idle.stack)
    os_timer_thread_stack                    0x200003b8   Data         256  rtx_lib.o(.bss.os.thread.timer.stack)
    [Anonymous Symbol]                       0x200003b8   Section        0  rtx_lib.o(.bss.os.thread.timer.stack)
    os_kernel_is_active.os_kernel_active     0x200004b8   Data           1  rtx_lib.o(.bss.os_kernel_is_active.os_kernel_active)
    [Anonymous Symbol]                       0x200004b8   Section        0  rtx_lib.o(.bss.os_kernel_is_active.os_kernel_active)
    Heap_Mem                                 0x200004d8   Data           0  startup_mkl25z4.o(HEAP)
    Stack_Mem                                0x200004d8   Data         256  startup_mkl25z4.o(STACK)
    HEAP                                     0x200004d8   Section        0  startup_mkl25z4.o(HEAP)
    STACK                                    0x200004d8   Section      256  startup_mkl25z4.o(STACK)
    __initial_sp                             0x200005d8   Data           0  startup_mkl25z4.o(STACK)

    Global Symbols

    Symbol Name                              Value     Ov Type        Size  Object(Section)

    BuildAttributes$$THM_ISAv3M$S$PE$A:L22$X:L11$S22$IEEE1$IW$~IW$USESV6$~STKCKD$USESV7$~SHL$OTIME$ROPI$EBA8$UX$STANDARDLIB$REQ8$PRES8$EABIv2 0x00000000   Number         0  anon$$obj.o ABSOLUTE
    __Vectors                                0x00000000   Data           4  startup_mkl25z4.o(RESET)
    .bss.os.evflags.cb$$Base                  - Undefined Weak Reference
    .bss.os.evflags.cb$$Limit                 - Undefined Weak Reference
    .bss.os.mempool.cb$$Base                  - Undefined Weak Reference
    .bss.os.mempool.cb$$Limit                 - Undefined Weak Reference
    .bss.os.mutex.cb$$Base                    - Undefined Weak Reference
    .bss.os.mutex.cb$$Limit                   - Undefined Weak Reference
    .bss.os.semaphore.cb$$Base                - Undefined Weak Reference
    .bss.os.semaphore.cb$$Limit               - Undefined Weak Reference
    .bss.os.timer.cb$$Base                    - Undefined Weak Reference
    .bss.os.timer.cb$$Limit                   - Undefined Weak Reference
    __ARM_exceptions_init                     - Undefined Weak Reference
    __alloca_initialize                       - Undefined Weak Reference
    __arm_preinit_                            - Undefined Weak Reference
    __arm_relocate_pie_                       - Undefined Weak Reference
    __cpp_initialize__aeabi_                  - Undefined Weak Reference
    __cxa_finalize                            - Undefined Weak Reference
    __rt_locale                               - Undefined Weak Reference
    __sigvec_lookup                           - Undefined Weak Reference
    _atexit_init                              - Undefined Weak Reference
    _call_atexit_fns                          - Undefined Weak Reference
    _clock_init                               - Undefined Weak Reference
    _fp_trap_init                             - Undefined Weak Reference
    _fp_trap_shutdown                         - Undefined Weak Reference
    _get_lc_collate                           - Undefined Weak Reference
    _get_lc_ctype                             - Undefined Weak Reference
    _get_lc_monetary                          - Undefined Weak Reference
    _get_lc_numeric                           - Undefined Weak Reference
    _get_lc_time                              - Undefined Weak Reference
    _getenv_init                              - Undefined Weak Reference
    _handle_redirection                       - Undefined Weak Reference
    _init_alloc                               - Undefined Weak Reference
    _init_user_alloc                          - Undefined Weak Reference
    _initio                                   - Undefined Weak Reference
    _rand_init                                - Undefined Weak Reference
    _signal_finish                            - Undefined Weak Reference
    _signal_init                              - Undefined Weak Reference
    _terminate_alloc                          - Undefined Weak Reference
    _terminate_user_alloc                     - Undefined Weak Reference
    _terminateio                              - Undefined Weak Reference
    __Vectors_End                            0x000000c0   Data           0  startup_mkl25z4.o(RESET)
    __Vectors_Size                           0x000000c0   Number         0  startup_mkl25z4.o ABSOLUTE
    __main                                   0x000000c1   Thumb Code     8  __main.o(!!!main)
    __scatterload                            0x000000c9   Thumb Code     0  __scatter.o(!!!scatter)
    __scatterload_rt2                        0x000000c9   Thumb Code    52  __scatter.o(!!!scatter)
    __scatterload_rt2_thumb_only             0x000000c9   Thumb Code     0  __scatter.o(!!!scatter)
    __scatterload_null                       0x000000d9   Thumb Code     0  __scatter.o(!!!scatter)
    __scatterload_copy                       0x00000105   Thumb Code    26  __scatter_copy.o(!!handler_copy)
    __scatterload_zeroinit                   0x00000121   Thumb Code    28  __scatter_zi.o(!!handler_zi)
    __rt_lib_init                            0x0000013d   Thumb Code     0  libinit.o(.ARM.Collect$$libinit$$00000000)
    __rt_lib_init_alloca_1                   0x0000013f   Thumb Code     0  libinit2.o(.ARM.Collect$$libinit$$00000030)
    __rt_lib_init_argv_1                     0x0000013f   Thumb Code     0  libinit2.o(.ARM.Collect$$libinit$$0000002E)
    __rt_lib_init_atexit_1                   0x0000013f   Thumb Code     0  libinit2.o(.ARM.Collect$$libinit$$0000001D)
    __rt_lib_init_clock_1                    0x0000013f   Thumb Code     0  libinit2.o(.ARM.Collect$$libinit$$00000023)
    __rt_lib_init_cpp_1                      0x0000013f   Thumb Code     0  libinit2.o(.ARM.Collect$$libinit$$00000034)
    __rt_lib_init_exceptions_1               0x0000013f   Thumb Code     0  libinit2.o(.ARM.Collect$$libinit$$00000032)
    __rt_lib_init_fp_1                       0x0000013f   Thumb Code     0  libinit2.o(.ARM.Collect$$libinit$$00000002)
    __rt_lib_init_fp_trap_1                  0x0000013f   Thumb Code     0  libinit2.o(.ARM.Collect$$libinit$$00000021)
    __rt_lib_init_getenv_1                   0x0000013f   Thumb Code     0  libinit2.o(.ARM.Collect$$libinit$$00000025)
    __rt_lib_init_heap_1                     0x0000013f   Thumb Code     0  libinit2.o(.ARM.Collect$$libinit$$0000000C)
    __rt_lib_init_lc_collate_1               0x0000013f   Thumb Code     0  libinit2.o(.ARM.Collect$$libinit$$00000013)
    __rt_lib_init_lc_ctype_1                 0x0000013f   Thumb Code     0  libinit2.o(.ARM.Collect$$libinit$$00000015)
    __rt_lib_init_lc_monetary_1              0x0000013f   Thumb Code     0  libinit2.o(.ARM.Collect$$libinit$$00000017)
    __rt_lib_init_lc_numeric_1               0x0000013f   Thumb Code     0  libinit2.o(.ARM.Collect$$libinit$$00000019)
    __rt_lib_init_lc_time_1                  0x0000013f   Thumb Code     0  libinit2.o(.ARM.Collect$$libinit$$0000001B)
    __rt_lib_init_preinit_1                  0x0000013f   Thumb Code     0  libinit2.o(.ARM.Collect$$libinit$$00000006)
    __rt_lib_init_rand_1                     0x0000013f   Thumb Code     0  libinit2.o(.ARM.Collect$$libinit$$00000010)
    __rt_lib_init_relocate_pie_1             0x0000013f   Thumb Code     0  libinit2.o(.ARM.Collect$$libinit$$00000004)
    __rt_lib_init_return                     0x0000013f   Thumb Code     0  libinit2.o(.ARM.Collect$$libinit$$00000035)
    __rt_lib_init_signal_1                   0x0000013f   Thumb Code     0  libinit2.o(.ARM.Collect$$libinit$$0000001F)
    __rt_lib_init_stdio_1                    0x0000013f   Thumb Code     0  libinit2.o(.ARM.Collect$$libinit$$00000027)
    __rt_lib_init_user_alloc_1               0x0000013f   Thumb Code     0  libinit2.o(.ARM.Collect$$libinit$$0000000E)
    __rt_lib_shutdown                        0x00000141   Thumb Code     0  libshutdown.o(.ARM.Collect$$libshutdown$$00000000)
    __rt_lib_shutdown_cpp_1                  0x00000143   Thumb Code     0  libshutdown2.o(.ARM.Collect$$libshutdown$$00000002)
    __rt_lib_shutdown_fp_trap_1              0x00000143   Thumb Code     0  libshutdown2.o(.ARM.Collect$$libshutdown$$00000007)
    __rt_lib_shutdown_heap_1                 0x00000143   Thumb Code     0  libshutdown2.o(.ARM.Collect$$libshutdown$$0000000F)
    __rt_lib_shutdown_return                 0x00000143   Thumb Code     0  libshutdown2.o(.ARM.Collect$$libshutdown$$00000010)
    __rt_lib_shutdown_signal_1               0x00000143   Thumb Code     0  libshutdown2.o(.ARM.Collect$$libshutdown$$0000000A)
    __rt_lib_shutdown_stdio_1                0x00000143   Thumb Code     0  libshutdown2.o(.ARM.Collect$$libshutdown$$00000004)
    __rt_lib_shutdown_user_alloc_1           0x00000143   Thumb Code     0  libshutdown2.o(.ARM.Collect$$libshutdown$$0000000C)
    __rt_entry                               0x00000145   Thumb Code     0  __rtentry.o(.ARM.Collect$$rtentry$$00000000)
    __rt_entry_presh_1                       0x00000145   Thumb Code     0  __rtentry2.o(.ARM.Collect$$rtentry$$00000002)
    __rt_entry_sh                            0x00000145   Thumb Code     0  __rtentry4.o(.ARM.Collect$$rtentry$$00000004)
    __rt_entry_postsh_1                      0x0000014b   Thumb Code     0  __rtentry2.o(.ARM.Collect$$rtentry$$00000008)
    __rt_entry_li                            0x00000153   Thumb Code     0  __rtentry2.o(.ARM.Collect$$rtentry$$0000000A)
    __rt_entry_main                          0x00000157   Thumb Code     0  __rtentry2.o(.ARM.Collect$$rtentry$$0000000D)
    __rt_entry_postli_1                      0x00000157   Thumb Code     0  __rtentry2.o(.ARM.Collect$$rtentry$$0000000C)
    __rt_exit                                0x0000015f   Thumb Code     0  rtexit.o(.ARM.Collect$$rtexit$$00000000)
    __rt_exit_ls                             0x00000161   Thumb Code     0  rtexit2.o(.ARM.Collect$$rtexit$$00000003)
    __rt_exit_prels_1                        0x00000161   Thumb Code     0  rtexit2.o(.ARM.Collect$$rtexit$$00000002)
    __rt_exit_exit                           0x00000165   Thumb Code     0  rtexit2.o(.ARM.Collect$$rtexit$$00000004)
    __aeabi_memcpy4                          0x0000016d   Thumb Code    56  rt_memcpy.o(.emb_text)
    __aeabi_memcpy8                          0x0000016d   Thumb Code     0  rt_memcpy.o(.emb_text)
    Reset_Handler                            0x000001a5   Thumb Code    12  startup_mkl25z4.o(.text)
    NMI_Handler                              0x000001b1   Thumb Code     2  startup_mkl25z4.o(.text)
    HardFault_Handler                        0x000001b3   Thumb Code     2  startup_mkl25z4.o(.text)
    ADC0_IRQHandler                          0x000001bb   Thumb Code     0  startup_mkl25z4.o(.text)
    CMP0_IRQHandler                          0x000001bb   Thumb Code     0  startup_mkl25z4.o(.text)
    DAC0_IRQHandler                          0x000001bb   Thumb Code     0  startup_mkl25z4.o(.text)
    DMA0_IRQHandler                          0x000001bb   Thumb Code     0  startup_mkl25z4.o(.text)
    DMA1_IRQHandler                          0x000001bb   Thumb Code     0  startup_mkl25z4.o(.text)
    DMA2_IRQHandler                          0x000001bb   Thumb Code     0  startup_mkl25z4.o(.text)
    DMA3_IRQHandler                          0x000001bb   Thumb Code     0  startup_mkl25z4.o(.text)
    DefaultISR                               0x000001bb   Thumb Code     0  startup_mkl25z4.o(.text)
    FTFA_IRQHandler                          0x000001bb   Thumb Code     0  startup_mkl25z4.o(.text)
    I2C0_IRQHandler                          0x000001bb   Thumb Code     0  startup_mkl25z4.o(.text)
    I2C1_IRQHandler                          0x000001bb   Thumb Code     0  startup_mkl25z4.o(.text)
    LLWU_IRQHandler                          0x000001bb   Thumb Code     0  startup_mkl25z4.o(.text)
    LPTMR0_IRQHandler                        0x000001bb   Thumb Code     0  startup_mkl25z4.o(.text)
    LVD_LVW_IRQHandler                       0x000001bb   Thumb Code     0  startup_mkl25z4.o(.text)
    MCG_IRQHandler                           0x000001bb   Thumb Code     0  startup_mkl25z4.o(.text)
    PIT_IRQHandler                           0x000001bb   Thumb Code     0  startup_mkl25z4.o(.text)
    PORTA_IRQHandler                         0x000001bb   Thumb Code     0  startup_mkl25z4.o(.text)
    PORTD_IRQHandler                         0x000001bb   Thumb Code     0  startup_mkl25z4.o(.text)
    RTC_IRQHandler                           0x000001bb   Thumb Code     0  startup_mkl25z4.o(.text)
    RTC_Seconds_IRQHandler                   0x000001bb   Thumb Code     0  startup_mkl25z4.o(.text)
    Reserved20_IRQHandler                    0x000001bb   Thumb Code     0  startup_mkl25z4.o(.text)
    Reserved39_IRQHandler                    0x000001bb   Thumb Code     0  startup_mkl25z4.o(.text)
    Reserved45_IRQHandler                    0x000001bb   Thumb Code     0  startup_mkl25z4.o(.text)
    SPI0_IRQHandler                          0x000001bb   Thumb Code     0  startup_mkl25z4.o(.text)
    SPI1_IRQHandler                          0x000001bb   Thumb Code     0  startup_mkl25z4.o(.text)
    TPM0_IRQHandler                          0x000001bb   Thumb Code     0  startup_mkl25z4.o(.text)
    TPM1_IRQHandler                          0x000001bb   Thumb Code     0  startup_mkl25z4.o(.text)
    TPM2_IRQHandler                          0x000001bb   Thumb Code     0  startup_mkl25z4.o(.text)
    TSI0_IRQHandler                          0x000001bb   Thumb Code     0  startup_mkl25z4.o(.text)
    UART1_IRQHandler                         0x000001bb   Thumb Code     0  startup_mkl25z4.o(.text)
    UART2_IRQHandler                         0x000001bb   Thumb Code     0  startup_mkl25z4.o(.text)
    USB0_IRQHandler                          0x000001bb   Thumb Code     0  startup_mkl25z4.o(.text)
    __user_initial_stackheap                 0x000001c1   Thumb Code     0  startup_mkl25z4.o(.text)
    SVC_Handler                              0x000001e5   Thumb Code   132  irq_armv6m.o(.text)
    PendSV_Handler                           0x00000269   Thumb Code    12  irq_armv6m.o(.text)
    SysTick_Handler                          0x00000275   Thumb Code    12  irq_armv6m.o(.text)
    memcmp                                   0x00000289   Thumb Code    90  memcmp.o(.text)
    __aeabi_memcpy                           0x000002e3   Thumb Code   130  rt_memcpy.o(.text)
    __rt_memcpy                              0x000002e3   Thumb Code     0  rt_memcpy.o(.text)
    _memset_w                                0x00000365   Thumb Code    26  rt_memclr.o(.text)
    _memset                                  0x0000037f   Thumb Code    30  rt_memclr.o(.text)
    __aeabi_memclr                           0x0000039d   Thumb Code     4  rt_memclr.o(.text)
    __rt_memclr                              0x0000039d   Thumb Code     0  rt_memclr.o(.text)
    __aeabi_memclr4                          0x000003a1   Thumb Code     0  rt_memclr.o(.text)
    __aeabi_memclr8                          0x000003a1   Thumb Code     0  rt_memclr.o(.text)
    __rt_memclr_w                            0x000003a1   Thumb Code     4  rt_memclr.o(.text)
    __use_two_region_memory                  0x000003a5   Thumb Code     2  heapauxi.o(.text)
    __rt_heap_escrow$2region                 0x000003a7   Thumb Code     2  heapauxi.o(.text)
    __rt_heap_expand$2region                 0x000003a9   Thumb Code     2  heapauxi.o(.text)
    __user_setup_stackheap                   0x000003ab   Thumb Code    62  sys_stackheap_outer.o(.text)
    exit                                     0x000003e9   Thumb Code    16  exit.o(.text)
    __user_libspace                          0x000003f9   Thumb Code     8  libspace.o(.text)
    __user_perproc_libspace                  0x000003f9   Thumb Code     0  libspace.o(.text)
    __aeabi_uidivmod                         0x00000411   Thumb Code    28  aeabi_sdivfast.o(.text)
    __aeabi_idivmod                          0x0000042d   Thumb Code   472  aeabi_sdivfast.o(.text)
    _sys_exit                                0x00000609   Thumb Code     8  sys_exit.o(.text)
    __I$use$semihosting                      0x00000615   Thumb Code     0  use_no_semi.o(.text)
    __use_no_semihosting_swi                 0x00000615   Thumb Code     2  use_no_semi.o(.text)
    __semihosting_library_function           0x00000617   Thumb Code     0  indicate_semi.o(.text)
    OS_Tick_AcknowledgeIRQ                   0x00000721   Thumb Code     8  os_systick.o(.text.OS_Tick_AcknowledgeIRQ)
    OS_Tick_Enable                           0x00000729   Thumb Code    32  os_systick.o(.text.OS_Tick_Enable)
    OS_Tick_GetIRQn                          0x0000074d   Thumb Code     6  os_systick.o(.text.OS_Tick_GetIRQn)
    OS_Tick_Setup                            0x00000755   Thumb Code    60  os_systick.o(.text.OS_Tick_Setup)
    SystemCoreClockUpdate                    0x0000079d   Thumb Code   240  system_mkl25z4.o(.text.SystemCoreClockUpdate)
    SystemInit                               0x000008a9   Thumb Code     8  system_mkl25z4.o(.text.SystemInit)
    UART0_IRQHandler                         0x0000094d   Thumb Code   296  serialport.o(.text.UART0_IRQHandler)
    _mutex_acquire                           0x00000a79   Thumb Code    44  rtx_lib.o(.text._mutex_acquire)
    _mutex_free                              0x00000aa5   Thumb Code    10  rtx_lib.o(.text._mutex_free)
    _mutex_initialize                        0x00000aaf   Thumb Code    34  rtx_lib.o(.text._mutex_initialize)
    _mutex_release                           0x00000ad1   Thumb Code    40  rtx_lib.o(.text._mutex_release)
    _platform_post_stackheap_init            0x00000afd   Thumb Code     8  rtx_lib.o(.text._platform_post_stackheap_init)
    commandThread                            0x00000b05   Thumb Code    92  main.o(.text.commandThread)
    configureGPIOoutput                      0x00000b85   Thumb Code    92  gpio.o(.text.configureGPIOoutput)
    greenLEDOnOff                            0x00000bf9   Thumb Code    20  gpio.o(.text.greenLEDOnOff)
    initSerialPort                           0x00000c11   Thumb Code    28  serialport.o(.text.initSerialPort)
    init_UART0                               0x00000c39   Thumb Code   136  serialport.o(.text.init_UART0)
    main                                     0x00000cdd   Thumb Code    84  main.o(.text.main)
    osEventFlagsNew                          0x00000d49   Thumb Code    32  rtx_evflags.o(.text.osEventFlagsNew)
    osEventFlagsSet                          0x00000d6d   Thumb Code    72  rtx_evflags.o(.text.osEventFlagsSet)
    osEventFlagsWait                         0x00000db9   Thumb Code    64  rtx_evflags.o(.text.osEventFlagsWait)
    osKernelGetState                         0x00000dfd   Thumb Code    40  rtx_kernel.o(.text.osKernelGetState)
    osKernelGetTickCount                     0x00000e29   Thumb Code    32  rtx_kernel.o(.text.osKernelGetTickCount)
    osKernelInitialize                       0x00000e51   Thumb Code    36  rtx_kernel.o(.text.osKernelInitialize)
    osKernelStart                            0x00000e79   Thumb Code    32  rtx_kernel.o(.text.osKernelStart)
    osMessageQueueGet                        0x00000e9d   Thumb Code   112  rtx_msgqueue.o(.text.osMessageQueueGet)
    osMessageQueueNew                        0x00000f11   Thumb Code    32  rtx_msgqueue.o(.text.osMessageQueueNew)
    osMessageQueuePut                        0x00000f35   Thumb Code   112  rtx_msgqueue.o(.text.osMessageQueuePut)
    osMutexAcquire                           0x00000fa9   Thumb Code    36  rtx_mutex.o(.text.osMutexAcquire)
    osMutexDelete                            0x00000fd1   Thumb Code    36  rtx_mutex.o(.text.osMutexDelete)
    osMutexNew                               0x00000ff9   Thumb Code    32  rtx_mutex.o(.text.osMutexNew)
    osMutexRelease                           0x0000101d   Thumb Code    36  rtx_mutex.o(.text.osMutexRelease)
    osRtxErrorNotify                         0x00001045   Thumb Code     2  rtx_config.o(.text.osRtxErrorNotify)
    osRtxIdleThread                          0x0000107b   Thumb Code     2  rtx_config.o(.text.osRtxIdleThread)
    osRtxKernelErrorNotify                   0x0000107d   Thumb Code     8  rtx_kernel.o(.text.osRtxKernelErrorNotify)
    osRtxKernelPreInit                       0x00001085   Thumb Code     2  rtx_kernel.o(.text.osRtxKernelPreInit)
    osRtxMemoryAlloc                         0x00001087   Thumb Code   120  rtx_memory.o(.text.osRtxMemoryAlloc)
    osRtxMemoryFree                          0x000010ff   Thumb Code    78  rtx_memory.o(.text.osRtxMemoryFree)
    osRtxMemoryInit                          0x0000114d   Thumb Code    46  rtx_memory.o(.text.osRtxMemoryInit)
    osRtxMemoryPoolAlloc                     0x0000117b   Thumb Code    42  rtx_mempool.o(.text.osRtxMemoryPoolAlloc)
    osRtxMemoryPoolFree                      0x000011a5   Thumb Code    54  rtx_mempool.o(.text.osRtxMemoryPoolFree)
    osRtxMemoryPoolInit                      0x000011db   Thumb Code    60  rtx_mempool.o(.text.osRtxMemoryPoolInit)
    osRtxMessageQueueTimerSetup              0x000012d5   Thumb Code    32  rtx_msgqueue.o(.text.osRtxMessageQueueTimerSetup)
    osRtxMutexOwnerRelease                   0x000012f9   Thumb Code    68  rtx_mutex.o(.text.osRtxMutexOwnerRelease)
    osRtxMutexOwnerRestore                   0x0000133d   Thumb Code    70  rtx_mutex.o(.text.osRtxMutexOwnerRestore)
    osRtxPendSV_Handler                      0x00001385   Thumb Code   128  rtx_system.o(.text.osRtxPendSV_Handler)
    osRtxPostProcess                         0x00001405   Thumb Code   104  rtx_system.o(.text.osRtxPostProcess)
    osRtxThreadDelayTick                     0x00001575   Thumb Code    84  rtx_thread.o(.text.osRtxThreadDelayTick)
    osRtxThreadDispatch                      0x000015f1   Thumb Code    76  rtx_thread.o(.text.osRtxThreadDispatch)
    osRtxThreadListGet                       0x000016b1   Thumb Code    20  rtx_thread.o(.text.osRtxThreadListGet)
    osRtxThreadListPut                       0x000016c5   Thumb Code    44  rtx_thread.o(.text.osRtxThreadListPut)
    osRtxThreadListRemove                    0x000016f1   Thumb Code    24  rtx_thread.o(.text.osRtxThreadListRemove)
    osRtxThreadListSort                      0x00001709   Thumb Code    36  rtx_thread.o(.text.osRtxThreadListSort)
    osRtxThreadReadyPut                      0x00001755   Thumb Code    20  rtx_thread.o(.text.osRtxThreadReadyPut)
    osRtxThreadRegPtr                        0x00001769   Thumb Code     6  rtx_thread.o(.text.osRtxThreadRegPtr)
    osRtxThreadStartup                       0x00001771   Thumb Code    56  rtx_thread.o(.text.osRtxThreadStartup)
    osRtxThreadSwitch                        0x000017b1   Thumb Code    12  rtx_thread.o(.text.osRtxThreadSwitch)
    osRtxThreadWaitEnter                     0x000017c1   Thumb Code    60  rtx_thread.o(.text.osRtxThreadWaitEnter)
    osRtxThreadWaitExit                      0x00001801   Thumb Code    34  rtx_thread.o(.text.osRtxThreadWaitExit)
    osRtxTick_Handler                        0x00001825   Thumb Code   124  rtx_system.o(.text.osRtxTick_Handler)
    osRtxTimerSetup                          0x000018a5   Thumb Code    28  rtx_timer.o(.text.osRtxTimerSetup)
    osRtxTimerThread                         0x000018c9   Thumb Code    28  rtx_timer.o(.text.osRtxTimerThread)
    osThreadExit                             0x00001959   Thumb Code     8  rtx_thread.o(.text.osThreadExit)
    osThreadNew                              0x00001965   Thumb Code    32  rtx_thread.o(.text.osThreadNew)
    readLine                                 0x00001989   Thumb Code    52  serialport.o(.text.readLine)
    redLEDOnOff                              0x000019c5   Thumb Code    20  gpio.o(.text.redLEDOnOff)
    sendMsg                                  0x000019dd   Thumb Code    76  serialport.o(.text.sendMsg)
    task3Thread                              0x00002545   Thumb Code   348  main.o(.text.task3Thread)
    __aeabi_uidiv                            0x000026b1   Thumb Code    68  aeabi_sdivfast.o(.text_divfast)
    __aeabi_idiv                             0x000026f5   Thumb Code   434  aeabi_sdivfast.o(.text_divfast)
    osRtxConfig                              0x000028a8   Data         112  rtx_lib.o(.rodata)
    os_cb_sections                           0x00002918   Data          56  rtx_lib.o(.rodata)
    osRtxUserSVC                             0x00002950   Data           4  rtx_lib.o(.rodata.osRtxUserSVC)
    timings                                  0x000029c0   Data          28  main.o(.rodata.timings)
    Region$$Table$$Base                      0x000029dc   Number         0  anon$$obj.o(Region$$Table)
    Region$$Table$$Limit                     0x000029fc   Number         0  anon$$obj.o(Region$$Table)
    SystemCoreClock                          0x1ffff000   Data           4  system_mkl25z4.o(.data.SystemCoreClock)
    osRtxInfo                                0x1ffff004   Data         164  rtx_kernel.o(.data.os)
    prompt                                   0x1ffff0a8   Data          27  main.o(.data.prompt)
    __libspace_start                         0x1ffff0c8   Data          96  libspace.o(.bss)
    __temporary_stack_top$libspace           0x1ffff128   Data           0  libspace.o(.bss)
    controlMsgQ                              0x1ffff128   Data           4  main.o(.bss.controlMsgQ)
    errorFlags                               0x1ffff12c   Data           4  main.o(.bss.errorFlags)
    init_tick                                0x1ffff130   Data           4  main.o(.bss.init_tick)
    measured_tick                            0x1ffff134   Data           4  main.o(.bss.measured_tick)
    msgQueue                                 0x1ffff138   Data          44  serialport.o(.bss.msgQueue)
    .bss.os.msgqueue.cb$$Base                0x200001ac   Number         0  rtx_lib.o(.bss.os.msgqueue.cb)
    .bss.os.msgqueue.cb$$Limit               0x200001e0   Number         0  rtx_lib.o(.bss.os.msgqueue.cb)
    .bss.os.thread.cb$$Base                  0x20000230   Number         0  rtx_lib.o(.bss.os.thread.cb)
    .bss.os.thread.cb$$Limit                 0x200002b8   Number         0  rtx_lib.o(.bss.os.thread.cb)
    readFlags                                0x200004bc   Data           4  serialport.o(.bss.readFlags)
    readReq                                  0x200004c0   Data          12  serialport.o(.bss.readReq)
    t_command                                0x200004cc   Data           4  main.o(.bss.t_command)
    task3_t                                  0x200004d0   Data           4  main.o(.bss.task3_t)



==============================================================================

Memory Map of the image

  Image Entry point : 0x000001a5

  Load Region LR_1 (Base: 0x00000000, Size: 0x00002ac0, Max: 0xffffffff, ABSOLUTE)

    Execution Region ER_RO (Exec base: 0x00000000, Load base: 0x00000000, Size: 0x000029fc, Max: 0xffffffff, ABSOLUTE)

    Exec Addr    Load Addr    Size         Type   Attr      Idx    E Section Name        Object

    0x00000000   0x00000000   0x000000c0   Data   RO          123    RESET               startup_mkl25z4.o
    0x000000c0   0x000000c0   0x00000008   Code   RO          658  * !!!main             c_p.l(__main.o)
    0x000000c8   0x000000c8   0x0000003c   Code   RO          833    !!!scatter          c_p.l(__scatter.o)
    0x00000104   0x00000104   0x0000001a   Code   RO          835    !!handler_copy      c_p.l(__scatter_copy.o)
    0x0000011e   0x0000011e   0x00000002   PAD
    0x00000120   0x00000120   0x0000001c   Code   RO          837    !!handler_zi        c_p.l(__scatter_zi.o)
    0x0000013c   0x0000013c   0x00000002   Code   RO          694    .ARM.Collect$$libinit$$00000000  c_p.l(libinit.o)
    0x0000013e   0x0000013e   0x00000000   Code   RO          708    .ARM.Collect$$libinit$$00000002  c_p.l(libinit2.o)
    0x0000013e   0x0000013e   0x00000000   Code   RO          710    .ARM.Collect$$libinit$$00000004  c_p.l(libinit2.o)
    0x0000013e   0x0000013e   0x00000000   Code   RO          712    .ARM.Collect$$libinit$$00000006  c_p.l(libinit2.o)
    0x0000013e   0x0000013e   0x00000000   Code   RO          715    .ARM.Collect$$libinit$$0000000C  c_p.l(libinit2.o)
    0x0000013e   0x0000013e   0x00000000   Code   RO          717    .ARM.Collect$$libinit$$0000000E  c_p.l(libinit2.o)
    0x0000013e   0x0000013e   0x00000000   Code   RO          719    .ARM.Collect$$libinit$$00000010  c_p.l(libinit2.o)
    0x0000013e   0x0000013e   0x00000000   Code   RO          722    .ARM.Collect$$libinit$$00000013  c_p.l(libinit2.o)
    0x0000013e   0x0000013e   0x00000000   Code   RO          724    .ARM.Collect$$libinit$$00000015  c_p.l(libinit2.o)
    0x0000013e   0x0000013e   0x00000000   Code   RO          726    .ARM.Collect$$libinit$$00000017  c_p.l(libinit2.o)
    0x0000013e   0x0000013e   0x00000000   Code   RO          728    .ARM.Collect$$libinit$$00000019  c_p.l(libinit2.o)
    0x0000013e   0x0000013e   0x00000000   Code   RO          730    .ARM.Collect$$libinit$$0000001B  c_p.l(libinit2.o)
    0x0000013e   0x0000013e   0x00000000   Code   RO          732    .ARM.Collect$$libinit$$0000001D  c_p.l(libinit2.o)
    0x0000013e   0x0000013e   0x00000000   Code   RO          734    .ARM.Collect$$libinit$$0000001F  c_p.l(libinit2.o)
    0x0000013e   0x0000013e   0x00000000   Code   RO          736    .ARM.Collect$$libinit$$00000021  c_p.l(libinit2.o)
    0x0000013e   0x0000013e   0x00000000   Code   RO          738    .ARM.Collect$$libinit$$00000023  c_p.l(libinit2.o)
    0x0000013e   0x0000013e   0x00000000   Code   RO          740    .ARM.Collect$$libinit$$00000025  c_p.l(libinit2.o)
    0x0000013e   0x0000013e   0x00000000   Code   RO          742    .ARM.Collect$$libinit$$00000027  c_p.l(libinit2.o)
    0x0000013e   0x0000013e   0x00000000   Code   RO          746    .ARM.Collect$$libinit$$0000002E  c_p.l(libinit2.o)
    0x0000013e   0x0000013e   0x00000000   Code   RO          748    .ARM.Collect$$libinit$$00000030  c_p.l(libinit2.o)
    0x0000013e   0x0000013e   0x00000000   Code   RO          750    .ARM.Collect$$libinit$$00000032  c_p.l(libinit2.o)
    0x0000013e   0x0000013e   0x00000000   Code   RO          752    .ARM.Collect$$libinit$$00000034  c_p.l(libinit2.o)
    0x0000013e   0x0000013e   0x00000002   Code   RO          753    .ARM.Collect$$libinit$$00000035  c_p.l(libinit2.o)
    0x00000140   0x00000140   0x00000002   Code   RO          788    .ARM.Collect$$libshutdown$$00000000  c_p.l(libshutdown.o)
    0x00000142   0x00000142   0x00000000   Code   RO          816    .ARM.Collect$$libshutdown$$00000002  c_p.l(libshutdown2.o)
    0x00000142   0x00000142   0x00000000   Code   RO          818    .ARM.Collect$$libshutdown$$00000004  c_p.l(libshutdown2.o)
    0x00000142   0x00000142   0x00000000   Code   RO          821    .ARM.Collect$$libshutdown$$00000007  c_p.l(libshutdown2.o)
    0x00000142   0x00000142   0x00000000   Code   RO          824    .ARM.Collect$$libshutdown$$0000000A  c_p.l(libshutdown2.o)
    0x00000142   0x00000142   0x00000000   Code   RO          826    .ARM.Collect$$libshutdown$$0000000C  c_p.l(libshutdown2.o)
    0x00000142   0x00000142   0x00000000   Code   RO          829    .ARM.Collect$$libshutdown$$0000000F  c_p.l(libshutdown2.o)
    0x00000142   0x00000142   0x00000002   Code   RO          830    .ARM.Collect$$libshutdown$$00000010  c_p.l(libshutdown2.o)
    0x00000144   0x00000144   0x00000000   Code   RO          660    .ARM.Collect$$rtentry$$00000000  c_p.l(__rtentry.o)
    0x00000144   0x00000144   0x00000000   Code   RO          666    .ARM.Collect$$rtentry$$00000002  c_p.l(__rtentry2.o)
    0x00000144   0x00000144   0x00000006   Code   RO          678    .ARM.Collect$$rtentry$$00000004  c_p.l(__rtentry4.o)
    0x0000014a   0x0000014a   0x00000008   Code   RO          667    .ARM.Collect$$rtentry$$00000008  c_p.l(__rtentry2.o)
    0x00000152   0x00000152   0x00000004   Code   RO          669    .ARM.Collect$$rtentry$$0000000A  c_p.l(__rtentry2.o)
    0x00000156   0x00000156   0x00000000   Code   RO          671    .ARM.Collect$$rtentry$$0000000C  c_p.l(__rtentry2.o)
    0x00000156   0x00000156   0x00000008   Code   RO          672    .ARM.Collect$$rtentry$$0000000D  c_p.l(__rtentry2.o)
    0x0000015e   0x0000015e   0x00000002   Code   RO          699    .ARM.Collect$$rtexit$$00000000  c_p.l(rtexit.o)
    0x00000160   0x00000160   0x00000000   Code   RO          759    .ARM.Collect$$rtexit$$00000002  c_p.l(rtexit2.o)
    0x00000160   0x00000160   0x00000004   Code   RO          760    .ARM.Collect$$rtexit$$00000003  c_p.l(rtexit2.o)
    0x00000164   0x00000164   0x00000006   Code   RO          761    .ARM.Collect$$rtexit$$00000004  c_p.l(rtexit2.o)
    0x0000016a   0x0000016a   0x00000002   PAD
    0x0000016c   0x0000016c   0x00000038   Code   RO          642    .emb_text           c_p.l(rt_memcpy.o)
    0x000001a4   0x000001a4   0x00000040   Code   RO          125  * .text               startup_mkl25z4.o
    0x000001e4   0x000001e4   0x000000a4   Code   RO          524    .text               RTX_CM0.lib(irq_armv6m.o)
    0x00000288   0x00000288   0x0000005a   Code   RO          640    .text               c_p.l(memcmp.o)
    0x000002e2   0x000002e2   0x00000082   Code   RO          643    .text               c_p.l(rt_memcpy.o)
    0x00000364   0x00000364   0x00000040   Code   RO          646    .text               c_p.l(rt_memclr.o)
    0x000003a4   0x000003a4   0x00000006   Code   RO          656    .text               c_p.l(heapauxi.o)
    0x000003aa   0x000003aa   0x0000003e   Code   RO          682    .text               c_p.l(sys_stackheap_outer.o)
    0x000003e8   0x000003e8   0x00000010   Code   RO          685    .text               c_p.l(exit.o)
    0x000003f8   0x000003f8   0x00000008   Code   RO          695    .text               c_p.l(libspace.o)
    0x00000400   0x00000400   0x00000010   Code   RO          124    .ARM.__at_0x400     startup_mkl25z4.o
    0x00000410   0x00000410   0x000001f8   Code   RO          648    .text               c_p.l(aeabi_sdivfast.o)
    0x00000608   0x00000608   0x0000000c   Code   RO          754    .text               c_p.l(sys_exit.o)
    0x00000614   0x00000614   0x00000002   Code   RO          777    .text               c_p.l(use_no_semi.o)
    0x00000616   0x00000616   0x00000000   Code   RO          779    .text               c_p.l(indicate_semi.o)
    0x00000616   0x00000616   0x0000004a   Code   RO          413    .text.EventFlagsCheck  RTX_CM0.lib(rtx_evflags.o)
    0x00000660   0x00000660   0x00000042   Code   RO          509    .text.MessageQueueGet  RTX_CM0.lib(rtx_msgqueue.o)
    0x000006a2   0x000006a2   0x0000005e   Code   RO          503    .text.MessageQueuePut  RTX_CM0.lib(rtx_msgqueue.o)
    0x00000700   0x00000700   0x0000001e   Code   RO          501    .text.MessageQueueRemove  RTX_CM0.lib(rtx_msgqueue.o)
    0x0000071e   0x0000071e   0x00000002   PAD
    0x00000720   0x00000720   0x00000008   Code   RO          618    .text.OS_Tick_AcknowledgeIRQ  RTX_CM0.lib(os_systick.o)
    0x00000728   0x00000728   0x00000024   Code   RO          614    .text.OS_Tick_Enable  RTX_CM0.lib(os_systick.o)
    0x0000074c   0x0000074c   0x00000006   Code   RO          620    .text.OS_Tick_GetIRQn  RTX_CM0.lib(os_systick.o)
    0x00000752   0x00000752   0x00000002   PAD
    0x00000754   0x00000754   0x00000048   Code   RO          612    .text.OS_Tick_Setup  RTX_CM0.lib(os_systick.o)
    0x0000079c   0x0000079c   0x0000010c   Code   RO          136    .text.SystemCoreClockUpdate  system_mkl25z4.o
    0x000008a8   0x000008a8   0x0000000c   Code   RO          134    .text.SystemInit    system_mkl25z4.o
    0x000008b4   0x000008b4   0x0000004a   Code   RO          293    .text.ThreadFlagsCheck  RTX_CM0.lib(rtx_thread.o)
    0x000008fe   0x000008fe   0x00000002   PAD
    0x00000900   0x00000900   0x0000004c   Code   RO          367    .text.TimerInsert   RTX_CM0.lib(rtx_timer.o)
    0x0000094c   0x0000094c   0x0000012c   Code   RO           63    .text.UART0_IRQHandler  serialport.o
    0x00000a78   0x00000a78   0x0000002c   Code   RO           82    .text._mutex_acquire  rtx_lib.o
    0x00000aa4   0x00000aa4   0x0000000a   Code   RO           86    .text._mutex_free   rtx_lib.o
    0x00000aae   0x00000aae   0x00000022   Code   RO           80    .text._mutex_initialize  rtx_lib.o
    0x00000ad0   0x00000ad0   0x0000002c   Code   RO           84    .text._mutex_release  rtx_lib.o
    0x00000afc   0x00000afc   0x00000008   Code   RO           76    .text._platform_post_stackheap_init  rtx_lib.o
    0x00000b04   0x00000b04   0x00000080   Code   RO            6    .text.commandThread  main.o
    0x00000b84   0x00000b84   0x00000074   Code   RO           29    .text.configureGPIOoutput  gpio.o
    0x00000bf8   0x00000bf8   0x00000018   Code   RO           33    .text.greenLEDOnOff  gpio.o
    0x00000c10   0x00000c10   0x00000028   Code   RO           61    .text.initSerialPort  serialport.o
    0x00000c38   0x00000c38   0x000000a4   Code   RO           59    .text.init_UART0    serialport.o
    0x00000cdc   0x00000cdc   0x0000006c   Code   RO            8    .text.main          main.o
    0x00000d48   0x00000d48   0x00000024   Code   RO          391    .text.osEventFlagsNew  RTX_CM0.lib(rtx_evflags.o)
    0x00000d6c   0x00000d6c   0x0000004c   Code   RO          395    .text.osEventFlagsSet  RTX_CM0.lib(rtx_evflags.o)
    0x00000db8   0x00000db8   0x00000044   Code   RO          405    .text.osEventFlagsWait  RTX_CM0.lib(rtx_evflags.o)
    0x00000dfc   0x00000dfc   0x0000002c   Code   RO          157    .text.osKernelGetState  RTX_CM0.lib(rtx_kernel.o)
    0x00000e28   0x00000e28   0x00000028   Code   RO          173    .text.osKernelGetTickCount  RTX_CM0.lib(rtx_kernel.o)
    0x00000e50   0x00000e50   0x00000028   Code   RO          151    .text.osKernelInitialize  RTX_CM0.lib(rtx_kernel.o)
    0x00000e78   0x00000e78   0x00000024   Code   RO          161    .text.osKernelStart  RTX_CM0.lib(rtx_kernel.o)
    0x00000e9c   0x00000e9c   0x00000074   Code   RO          477    .text.osMessageQueueGet  RTX_CM0.lib(rtx_msgqueue.o)
    0x00000f10   0x00000f10   0x00000024   Code   RO          471    .text.osMessageQueueNew  RTX_CM0.lib(rtx_msgqueue.o)
    0x00000f34   0x00000f34   0x00000074   Code   RO          475    .text.osMessageQueuePut  RTX_CM0.lib(rtx_msgqueue.o)
    0x00000fa8   0x00000fa8   0x00000028   Code   RO          439    .text.osMutexAcquire  RTX_CM0.lib(rtx_mutex.o)
    0x00000fd0   0x00000fd0   0x00000028   Code   RO          445    .text.osMutexDelete  RTX_CM0.lib(rtx_mutex.o)
    0x00000ff8   0x00000ff8   0x00000024   Code   RO          435    .text.osMutexNew    RTX_CM0.lib(rtx_mutex.o)
    0x0000101c   0x0000101c   0x00000028   Code   RO          441    .text.osMutexRelease  RTX_CM0.lib(rtx_mutex.o)
    0x00001044   0x00001044   0x00000002   Code   RO          113    .text.osRtxErrorNotify  rtx_config.o
    0x00001046   0x00001046   0x00000034   Code   RO          411    .text.osRtxEventFlagsPostProcess  RTX_CM0.lib(rtx_evflags.o)
    0x0000107a   0x0000107a   0x00000002   Code   RO          111    .text.osRtxIdleThread  rtx_config.o
    0x0000107c   0x0000107c   0x00000008   Code   RO          149    .text.osRtxKernelErrorNotify  RTX_CM0.lib(rtx_kernel.o)
    0x00001084   0x00001084   0x00000002   Code   RO          147    .text.osRtxKernelPreInit  RTX_CM0.lib(rtx_kernel.o)
    0x00001086   0x00001086   0x00000078   Code   RO          534    .text.osRtxMemoryAlloc  RTX_CM0.lib(rtx_memory.o)
    0x000010fe   0x000010fe   0x0000004e   Code   RO          536    .text.osRtxMemoryFree  RTX_CM0.lib(rtx_memory.o)
    0x0000114c   0x0000114c   0x0000002e   Code   RO          532    .text.osRtxMemoryInit  RTX_CM0.lib(rtx_memory.o)
    0x0000117a   0x0000117a   0x0000002a   Code   RO          548    .text.osRtxMemoryPoolAlloc  RTX_CM0.lib(rtx_mempool.o)
    0x000011a4   0x000011a4   0x00000036   Code   RO          550    .text.osRtxMemoryPoolFree  RTX_CM0.lib(rtx_mempool.o)
    0x000011da   0x000011da   0x0000003c   Code   RO          546    .text.osRtxMemoryPoolInit  RTX_CM0.lib(rtx_mempool.o)
    0x00001216   0x00001216   0x000000bc   Code   RO          499    .text.osRtxMessageQueuePostProcess  RTX_CM0.lib(rtx_msgqueue.o)
    0x000012d2   0x000012d2   0x00000002   PAD
    0x000012d4   0x000012d4   0x00000024   Code   RO          467    .text.osRtxMessageQueueTimerSetup  RTX_CM0.lib(rtx_msgqueue.o)
    0x000012f8   0x000012f8   0x00000044   Code   RO          431    .text.osRtxMutexOwnerRelease  RTX_CM0.lib(rtx_mutex.o)
    0x0000133c   0x0000133c   0x00000046   Code   RO          433    .text.osRtxMutexOwnerRestore  RTX_CM0.lib(rtx_mutex.o)
    0x00001382   0x00001382   0x00000002   PAD
    0x00001384   0x00001384   0x00000080   Code   RO          600    .text.osRtxPendSV_Handler  RTX_CM0.lib(rtx_system.o)
    0x00001404   0x00001404   0x0000006c   Code   RO          602    .text.osRtxPostProcess  RTX_CM0.lib(rtx_system.o)
    0x00001470   0x00001470   0x00000034   Code   RO          233    .text.osRtxThreadBlock  RTX_CM0.lib(rtx_thread.o)
    0x000014a4   0x000014a4   0x0000008c   Code   RO          241    .text.osRtxThreadDelayInsert  RTX_CM0.lib(rtx_thread.o)
    0x00001530   0x00001530   0x00000044   Code   RO          237    .text.osRtxThreadDelayRemove  RTX_CM0.lib(rtx_thread.o)
    0x00001574   0x00001574   0x00000054   Code   RO          225    .text.osRtxThreadDelayTick  RTX_CM0.lib(rtx_thread.o)
    0x000015c8   0x000015c8   0x00000028   Code   RO          325    .text.osRtxThreadDestroy  RTX_CM0.lib(rtx_thread.o)
    0x000015f0   0x000015f0   0x0000004c   Code   RO          231    .text.osRtxThreadDispatch  RTX_CM0.lib(rtx_thread.o)
    0x0000163c   0x0000163c   0x00000054   Code   RO          317    .text.osRtxThreadFree  RTX_CM0.lib(rtx_thread.o)
    0x00001690   0x00001690   0x00000020   Code   RO          323    .text.osRtxThreadJoinWakeup  RTX_CM0.lib(rtx_thread.o)
    0x000016b0   0x000016b0   0x00000014   Code   RO          217    .text.osRtxThreadListGet  RTX_CM0.lib(rtx_thread.o)
    0x000016c4   0x000016c4   0x0000002c   Code   RO          215    .text.osRtxThreadListPut  RTX_CM0.lib(rtx_thread.o)
    0x000016f0   0x000016f0   0x00000018   Code   RO          221    .text.osRtxThreadListRemove  RTX_CM0.lib(rtx_thread.o)
    0x00001708   0x00001708   0x00000024   Code   RO          219    .text.osRtxThreadListSort  RTX_CM0.lib(rtx_thread.o)
    0x0000172c   0x0000172c   0x00000026   Code   RO          291    .text.osRtxThreadPostProcess  RTX_CM0.lib(rtx_thread.o)
    0x00001752   0x00001752   0x00000002   PAD
    0x00001754   0x00001754   0x00000014   Code   RO          223    .text.osRtxThreadReadyPut  RTX_CM0.lib(rtx_thread.o)
    0x00001768   0x00001768   0x00000006   Code   RO          227    .text.osRtxThreadRegPtr  RTX_CM0.lib(rtx_thread.o)
    0x0000176e   0x0000176e   0x00000002   PAD
    0x00001770   0x00001770   0x00000040   Code   RO          243    .text.osRtxThreadStartup  RTX_CM0.lib(rtx_thread.o)
    0x000017b0   0x000017b0   0x00000010   Code   RO          229    .text.osRtxThreadSwitch  RTX_CM0.lib(rtx_thread.o)
    0x000017c0   0x000017c0   0x00000040   Code   RO          239    .text.osRtxThreadWaitEnter  RTX_CM0.lib(rtx_thread.o)
    0x00001800   0x00001800   0x00000022   Code   RO          235    .text.osRtxThreadWaitExit  RTX_CM0.lib(rtx_thread.o)
    0x00001822   0x00001822   0x00000002   PAD
    0x00001824   0x00001824   0x00000080   Code   RO          598    .text.osRtxTick_Handler  RTX_CM0.lib(rtx_system.o)
    0x000018a4   0x000018a4   0x00000024   Code   RO          349    .text.osRtxTimerSetup  RTX_CM0.lib(rtx_timer.o)
    0x000018c8   0x000018c8   0x0000001c   Code   RO          353    .text.osRtxTimerThread  RTX_CM0.lib(rtx_timer.o)
    0x000018e4   0x000018e4   0x00000074   Code   RO          351    .text.osRtxTimerTick  RTX_CM0.lib(rtx_timer.o)
    0x00001958   0x00001958   0x0000000c   Code   RO          275    .text.osThreadExit  RTX_CM0.lib(rtx_thread.o)
    0x00001964   0x00001964   0x00000024   Code   RO          247    .text.osThreadNew   RTX_CM0.lib(rtx_thread.o)
    0x00001988   0x00001988   0x0000003c   Code   RO           55    .text.readLine      serialport.o
    0x000019c4   0x000019c4   0x00000018   Code   RO           31    .text.redLEDOnOff   gpio.o
    0x000019dc   0x000019dc   0x00000054   Code   RO           47    .text.sendMsg       serialport.o
    0x00001a30   0x00001a30   0x00000074   Code   RO          409    .text.svcRtxEventFlagsNew  RTX_CM0.lib(rtx_evflags.o)
    0x00001aa4   0x00001aa4   0x00000076   Code   RO          417    .text.svcRtxEventFlagsSet  RTX_CM0.lib(rtx_evflags.o)
    0x00001b1a   0x00001b1a   0x00000002   PAD
    0x00001b1c   0x00001b1c   0x00000060   Code   RO          419    .text.svcRtxEventFlagsWait  RTX_CM0.lib(rtx_evflags.o)
    0x00001b7c   0x00001b7c   0x00000008   Code   RO          159    .text.svcRtxKernelGetState  RTX_CM0.lib(rtx_kernel.o)
    0x00001b84   0x00001b84   0x0000000c   Code   RO          175    .text.svcRtxKernelGetTickCount  RTX_CM0.lib(rtx_kernel.o)
    0x00001b90   0x00001b90   0x0000013c   Code   RO          189    .text.svcRtxKernelInitialize  RTX_CM0.lib(rtx_kernel.o)
    0x00001ccc   0x00001ccc   0x00000080   Code   RO          191    .text.svcRtxKernelStart  RTX_CM0.lib(rtx_kernel.o)
    0x00001d4c   0x00001d4c   0x000000cc   Code   RO          511    .text.svcRtxMessageQueueGet  RTX_CM0.lib(rtx_msgqueue.o)
    0x00001e18   0x00001e18   0x000001c0   Code   RO          469    .text.svcRtxMessageQueueNew  RTX_CM0.lib(rtx_msgqueue.o)
    0x00001fd8   0x00001fd8   0x000000b0   Code   RO          507    .text.svcRtxMessageQueuePut  RTX_CM0.lib(rtx_msgqueue.o)
    0x00002088   0x00002088   0x00000094   Code   RO          451    .text.svcRtxMutexAcquire  RTX_CM0.lib(rtx_mutex.o)
    0x0000211c   0x0000211c   0x000000b4   Code   RO          457    .text.svcRtxMutexDelete  RTX_CM0.lib(rtx_mutex.o)
    0x000021d0   0x000021d0   0x00000070   Code   RO          447    .text.svcRtxMutexNew  RTX_CM0.lib(rtx_mutex.o)
    0x00002240   0x00002240   0x000000bc   Code   RO          453    .text.svcRtxMutexRelease  RTX_CM0.lib(rtx_mutex.o)
    0x000022fc   0x000022fc   0x0000004c   Code   RO          321    .text.svcRtxThreadExit  RTX_CM0.lib(rtx_thread.o)
    0x00002348   0x00002348   0x000001fc   Code   RO          245    .text.svcRtxThreadNew  RTX_CM0.lib(rtx_thread.o)
    0x00002544   0x00002544   0x0000016c   Code   RO            4    .text.task3Thread   main.o
    0x000026b0   0x000026b0   0x000001f6   Code   RO          649    .text_divfast       c_p.l(aeabi_sdivfast.o)
    0x000028a6   0x000028a6   0x00000002   PAD
    0x000028a8   0x000028a8   0x00000070   Data   RO           92    .rodata             rtx_lib.o
    0x00002918   0x00002918   0x00000038   Data   RO           95    .rodata             rtx_lib.o
    0x00002950   0x00002950   0x00000004   Data   RO           94    .rodata.osRtxUserSVC  rtx_lib.o
    0x00002954   0x00002954   0x00000024   Data   RO           89    .rodata.os_idle_thread_attr  rtx_lib.o
    0x00002978   0x00002978   0x00000018   Data   RO           91    .rodata.os_timer_mq_attr  rtx_lib.o
    0x00002990   0x00002990   0x00000024   Data   RO           90    .rodata.os_timer_thread_attr  rtx_lib.o
    0x000029b4   0x000029b4   0x0000000b   Data   RO          205    .rodata.str1.4      RTX_CM0.lib(rtx_kernel.o)
    0x000029bf   0x000029bf   0x00000001   PAD
    0x000029c0   0x000029c0   0x0000001c   Data   RO           10    .rodata.timings     main.o
    0x000029dc   0x000029dc   0x00000020   Data   RO          832    Region$$Table       anon$$obj.o


    Execution Region ER_RW (Exec base: 0x1ffff000, Load base: 0x000029fc, Size: 0x000000c4, Max: 0xffffffff, ABSOLUTE)

    Exec Addr    Load Addr    Size         Type   Attr      Idx    E Section Name        Object

    0x1ffff000   0x000029fc   0x00000004   Data   RW          138    .data.SystemCoreClock  system_mkl25z4.o
    0x1ffff004   0x00002a00   0x000000a4   Data   RW          206    .data.os            RTX_CM0.lib(rtx_kernel.o)
    0x1ffff0a8   0x00002aa4   0x0000001b   Data   RW           14    .data.prompt        main.o


    Execution Region ER_ZI (Exec base: 0x1ffff0c8, Load base: 0x00002ac0, Size: 0x00001510, Max: 0xffffffff, ABSOLUTE)

    Exec Addr    Load Addr    Size         Type   Attr      Idx    E Section Name        Object

    0x1ffff0c8        -       0x00000060   Zero   RW          696    .bss                c_p.l(libspace.o)
    0x1ffff128        -       0x00000004   Zero   RW           12    .bss.controlMsgQ    main.o
    0x1ffff12c        -       0x00000004   Zero   RW           16    .bss.errorFlags     main.o
    0x1ffff130        -       0x00000004   Zero   RW           11    .bss.init_tick      main.o
    0x1ffff134        -       0x00000004   Zero   RW           13    .bss.measured_tick  main.o
    0x1ffff138        -       0x0000002c   Zero   RW           65    .bss.msgQueue       serialport.o
    0x1ffff164   0x00002ac0   0x00000004   PAD
    0x1ffff168        -       0x00001040   Zero   RW           88    .bss.os             rtx_lib.o
    0x200001a8        -       0x00000001   Zero   RW          630    .bss.os             RTX_CM0.lib(os_systick.o)
    0x200001a9   0x00002ac0   0x00000003   PAD
    0x200001ac        -       0x00000034   Zero   RW          100    .bss.os.msgqueue.cb  rtx_lib.o
    0x200001e0        -       0x00000050   Zero   RW          101    .bss.os.msgqueue.mem  rtx_lib.o
    0x20000230        -       0x00000088   Zero   RW           97    .bss.os.thread.cb   rtx_lib.o
    0x200002b8        -       0x00000100   Zero   RW           98    .bss.os.thread.idle.stack  rtx_lib.o
    0x200003b8        -       0x00000100   Zero   RW           99    .bss.os.thread.timer.stack  rtx_lib.o
    0x200004b8        -       0x00000001   Zero   RW          102    .bss.os_kernel_is_active.os_kernel_active  rtx_lib.o
    0x200004b9   0x00002ac0   0x00000003   PAD
    0x200004bc        -       0x00000004   Zero   RW           67    .bss.readFlags      serialport.o
    0x200004c0        -       0x0000000c   Zero   RW           66    .bss.readReq        serialport.o
    0x200004cc        -       0x00000004   Zero   RW           18    .bss.t_command      main.o
    0x200004d0        -       0x00000004   Zero   RW           17    .bss.task3_t        main.o
    0x200004d4   0x00002ac0   0x00000004   PAD
    0x200004d8        -       0x00000000   Zero   RW          122    HEAP                startup_mkl25z4.o
    0x200004d8        -       0x00000100   Zero   RW          121    STACK               startup_mkl25z4.o


==============================================================================

Image component sizes


      Code (inc. data)   RO Data    RW Data    ZI Data      Debug   Object Name

       164         32          0          0          0       2308   gpio.o
       600         76         28         27         24       4722   main.o
         4          0          0          0          0        767   rtx_config.o
       140          4        268          0       4941       7676   rtx_lib.o
       648         60          0          0         60       7325   serialport.o
        80         44        192          0        256       1044   startup_mkl25z4.o
       280         40          0          4          0       2632   system_mkl25z4.o

    ----------------------------------------------------------------------
      1916        256        520         32       5292      26474   Object Totals
         0          0         32          0          0          0   (incl. Generated)
         0          0          0          1         11          0   (incl. Padding)

    ----------------------------------------------------------------------

      Code (inc. data)   RO Data    RW Data    ZI Data      Debug   Library Member Name

       164          8          0          0          0        658   irq_armv6m.o
       122         16          0          0          1       2812   os_systick.o
       636         24          0          0          0      12579   rtx_evflags.o
       634         44         11        164          0      15793   rtx_kernel.o
       244          0          0          0          0       2665   rtx_memory.o
       156          0          0          0          0      14433   rtx_mempool.o
      1510         44          0          0          0      18183   rtx_msgqueue.o
       922         28          0          0          0       9527   rtx_mutex.o
       364         18          0          0          0       4871   rtx_system.o
      1648         56          0          0          0      31596   rtx_thread.o
       256         16          0          0          0       9965   rtx_timer.o
         8          0          0          0          0         68   __main.o
         0          0          0          0          0          0   __rtentry.o
        20          0          0          0          0          0   __rtentry2.o
         6          0          0          0          0          0   __rtentry4.o
        60          8          0          0          0          0   __scatter.o
        26          0          0          0          0          0   __scatter_copy.o
        28          0          0          0          0          0   __scatter_zi.o
      1006          4          0          0          0        184   aeabi_sdivfast.o
        16          0          0          0          0         68   exit.o
         6          0          0          0          0        136   heapauxi.o
         0          0          0          0          0          0   indicate_semi.o
         2          0          0          0          0          0   libinit.o
         2          0          0          0          0          0   libinit2.o
         2          0          0          0          0          0   libshutdown.o
         2          0          0          0          0          0   libshutdown2.o
         8          4          0          0         96         68   libspace.o
        90          0          0          0          0         68   memcmp.o
        64          0          0          0          0        108   rt_memclr.o
       186          0          0          0          0        144   rt_memcpy.o
         2          0          0          0          0          0   rtexit.o
        10          0          0          0          0          0   rtexit2.o
        12          4          0          0          0         60   sys_exit.o
        62          0          0          0          0         80   sys_stackheap_outer.o
         2          0          0          0          0         68   use_no_semi.o

    ----------------------------------------------------------------------
      8300        274         12        164        100     124134   Library Totals
        24          0          1          0          3          0   (incl. Padding)

    ----------------------------------------------------------------------

      Code (inc. data)   RO Data    RW Data    ZI Data      Debug   Library Name

      6656        254         11        164          1     123082   RTX_CM0.lib
      1620         20          0          0         96       1052   c_p.l

    ----------------------------------------------------------------------
      8300        274         12        164        100     124134   Library Totals

    ----------------------------------------------------------------------

==============================================================================


      Code (inc. data)   RO Data    RW Data    ZI Data      Debug   

     10216        530        532        196       5392     149928   Grand Totals
     10216        530        532        196       5392     149928   ELF Image Totals
     10216        530        532        196          0          0   ROM Totals

==============================================================================

    Total RO  Size (Code + RO Data)                10748 (  10.50kB)
    Total RW  Size (RW Data + ZI Data)              5588 (   5.46kB)
    Total ROM Size (Code + RO Data + RW Data)      10944 (  10.69kB)

==============================================================================

